Archive member included because of file (symbol)

/home/adam/AnalogSensorModule-Firmware/Motate/Tools/linux/gcc-arm-none-eabi-4_9-2015q2/bin/../lib/gcc/arm-none-eabi/4.9.3/../../../../arm-none-eabi/lib/armv6-m/libc_nano.a(lib_a-init.o)
                              build/FRDM-KL05Z/motate/main.o (__libc_init_array)
/home/adam/AnalogSensorModule-Firmware/Motate/Tools/linux/gcc-arm-none-eabi-4_9-2015q2/bin/../lib/gcc/arm-none-eabi/4.9.3/../../../../arm-none-eabi/lib/armv6-m/libc_nano.a(lib_a-printf.o)
                              build/FRDM-KL05Z/motate/platform/freescale_klxx/syscalls.o (printf)
/home/adam/AnalogSensorModule-Firmware/Motate/Tools/linux/gcc-arm-none-eabi-4_9-2015q2/bin/../lib/gcc/arm-none-eabi/4.9.3/../../../../arm-none-eabi/lib/armv6-m/libc_nano.a(lib_a-findfp.o)
                              /home/adam/AnalogSensorModule-Firmware/Motate/Tools/linux/gcc-arm-none-eabi-4_9-2015q2/bin/../lib/gcc/arm-none-eabi/4.9.3/../../../../arm-none-eabi/lib/armv6-m/libc_nano.a(lib_a-printf.o) (__sinit)
/home/adam/AnalogSensorModule-Firmware/Motate/Tools/linux/gcc-arm-none-eabi-4_9-2015q2/bin/../lib/gcc/arm-none-eabi/4.9.3/../../../../arm-none-eabi/lib/armv6-m/libc_nano.a(lib_a-fwalk.o)
                              /home/adam/AnalogSensorModule-Firmware/Motate/Tools/linux/gcc-arm-none-eabi-4_9-2015q2/bin/../lib/gcc/arm-none-eabi/4.9.3/../../../../arm-none-eabi/lib/armv6-m/libc_nano.a(lib_a-findfp.o) (_fwalk)
/home/adam/AnalogSensorModule-Firmware/Motate/Tools/linux/gcc-arm-none-eabi-4_9-2015q2/bin/../lib/gcc/arm-none-eabi/4.9.3/../../../../arm-none-eabi/lib/armv6-m/libc_nano.a(lib_a-impure.o)
                              /home/adam/AnalogSensorModule-Firmware/Motate/Tools/linux/gcc-arm-none-eabi-4_9-2015q2/bin/../lib/gcc/arm-none-eabi/4.9.3/../../../../arm-none-eabi/lib/armv6-m/libc_nano.a(lib_a-findfp.o) (_global_impure_ptr)
/home/adam/AnalogSensorModule-Firmware/Motate/Tools/linux/gcc-arm-none-eabi-4_9-2015q2/bin/../lib/gcc/arm-none-eabi/4.9.3/../../../../arm-none-eabi/lib/armv6-m/libc_nano.a(lib_a-memset.o)
                              /home/adam/AnalogSensorModule-Firmware/Motate/Tools/linux/gcc-arm-none-eabi-4_9-2015q2/bin/../lib/gcc/arm-none-eabi/4.9.3/../../../../arm-none-eabi/lib/armv6-m/libc_nano.a(lib_a-findfp.o) (memset)
/home/adam/AnalogSensorModule-Firmware/Motate/Tools/linux/gcc-arm-none-eabi-4_9-2015q2/bin/../lib/gcc/arm-none-eabi/4.9.3/../../../../arm-none-eabi/lib/armv6-m/libc_nano.a(lib_a-nano-mallocr.o)
                              /home/adam/AnalogSensorModule-Firmware/Motate/Tools/linux/gcc-arm-none-eabi-4_9-2015q2/bin/../lib/gcc/arm-none-eabi/4.9.3/../../../../arm-none-eabi/lib/armv6-m/libc_nano.a(lib_a-findfp.o) (_malloc_r)
/home/adam/AnalogSensorModule-Firmware/Motate/Tools/linux/gcc-arm-none-eabi-4_9-2015q2/bin/../lib/gcc/arm-none-eabi/4.9.3/../../../../arm-none-eabi/lib/armv6-m/libc_nano.a(lib_a-nano-vfprintf.o)
                              /home/adam/AnalogSensorModule-Firmware/Motate/Tools/linux/gcc-arm-none-eabi-4_9-2015q2/bin/../lib/gcc/arm-none-eabi/4.9.3/../../../../arm-none-eabi/lib/armv6-m/libc_nano.a(lib_a-printf.o) (_vfprintf_r)
/home/adam/AnalogSensorModule-Firmware/Motate/Tools/linux/gcc-arm-none-eabi-4_9-2015q2/bin/../lib/gcc/arm-none-eabi/4.9.3/../../../../arm-none-eabi/lib/armv6-m/libc_nano.a(lib_a-nano-vfprintf_i.o)
                              /home/adam/AnalogSensorModule-Firmware/Motate/Tools/linux/gcc-arm-none-eabi-4_9-2015q2/bin/../lib/gcc/arm-none-eabi/4.9.3/../../../../arm-none-eabi/lib/armv6-m/libc_nano.a(lib_a-nano-vfprintf.o) (_printf_i)
/home/adam/AnalogSensorModule-Firmware/Motate/Tools/linux/gcc-arm-none-eabi-4_9-2015q2/bin/../lib/gcc/arm-none-eabi/4.9.3/../../../../arm-none-eabi/lib/armv6-m/libc_nano.a(lib_a-sbrkr.o)
                              /home/adam/AnalogSensorModule-Firmware/Motate/Tools/linux/gcc-arm-none-eabi-4_9-2015q2/bin/../lib/gcc/arm-none-eabi/4.9.3/../../../../arm-none-eabi/lib/armv6-m/libc_nano.a(lib_a-nano-mallocr.o) (_sbrk_r)
/home/adam/AnalogSensorModule-Firmware/Motate/Tools/linux/gcc-arm-none-eabi-4_9-2015q2/bin/../lib/gcc/arm-none-eabi/4.9.3/../../../../arm-none-eabi/lib/armv6-m/libc_nano.a(lib_a-stdio.o)
                              /home/adam/AnalogSensorModule-Firmware/Motate/Tools/linux/gcc-arm-none-eabi-4_9-2015q2/bin/../lib/gcc/arm-none-eabi/4.9.3/../../../../arm-none-eabi/lib/armv6-m/libc_nano.a(lib_a-findfp.o) (__sread)
/home/adam/AnalogSensorModule-Firmware/Motate/Tools/linux/gcc-arm-none-eabi-4_9-2015q2/bin/../lib/gcc/arm-none-eabi/4.9.3/../../../../arm-none-eabi/lib/armv6-m/libc_nano.a(lib_a-wbuf.o)
                              /home/adam/AnalogSensorModule-Firmware/Motate/Tools/linux/gcc-arm-none-eabi-4_9-2015q2/bin/../lib/gcc/arm-none-eabi/4.9.3/../../../../arm-none-eabi/lib/armv6-m/libc_nano.a(lib_a-nano-vfprintf.o) (__swbuf_r)
[...]
Memory Configuration

Name             Origin             Length             Attributes
VECTORS          0x00000000         0x00000410         xr
FLASH            0x00000410         0x00007bf0         xr
RAM              0x1ffffc00         0x00000f40         xrw
*default*        0x00000000         0xffffffff

Linker script and memory map

LOAD /home/adam/AnalogSensorModule-Firmware/Motate/Tools/linux/gcc-arm-none-eabi-4_9-2015q2/bin/../lib/gcc/arm-none-eabi/4.9.3/armv6-m/libgcc.a
LOAD /home/adam/AnalogSensorModule-Firmware/Motate/Tools/linux/gcc-arm-none-eabi-4_9-2015q2/bin/../lib/gcc/arm-none-eabi/4.9.3/../../../../arm-none-eabi/lib/armv6-m/libc_nano.a
START GROUP
LOAD build/FRDM-KL05Z/motate/Freescale_klxx/KL05ZTimers.o
LOAD build/FRDM-KL05Z/motate/Freescale_klxx/KL05ZPins.o
LOAD build/FRDM-KL05Z/motate/Freescale_klxx/KL05ZUART.o
LOAD build/FRDM-KL05Z/motate/platform/freescale_klxx/syscalls.o
LOAD build/FRDM-KL05Z/motate/cmsis/TARGET_Freescale/TARGET_KLXX/TARGET_KL05Z/cmsis_nvic.o
LOAD build/FRDM-KL05Z/motate/cmsis/TARGET_Freescale/TARGET_KLXX/TARGET_KL05Z/system_MKL05Z4.o
LOAD build/FRDM-KL05Z/motate/MotateJSON.o
LOAD build/FRDM-KL05Z/motate/MotateUtilities.o
LOAD build/FRDM-KL05Z/motate/main.o
LOAD build/FRDM-KL05Z/./buffered_uart_demo.o
LOAD build/FRDM-KL05Z/motate/cmsis/TARGET_Freescale/TARGET_KLXX/TARGET_KL05Z/TOOLCHAIN_GCC_ARM/startup_MKL05Z4.o
END GROUP
LOAD /home/adam/AnalogSensorModule-Firmware/Motate/Tools/linux/gcc-arm-none-eabi-4_9-2015q2/bin/../lib/gcc/arm-none-eabi/4.9.3/../../../../arm-none-eabi/lib/armv6-m/libstdc++_nano.a
LOAD /home/adam/AnalogSensorModule-Firmware/Motate/Tools/linux/gcc-arm-none-eabi-4_9-2015q2/bin/../lib/gcc/arm-none-eabi/4.9.3/../../../../arm-none-eabi/lib/armv6-m/libm.a
LOAD /home/adam/AnalogSensorModule-Firmware/Motate/Tools/linux/gcc-arm-none-eabi-4_9-2015q2/bin/../lib/gcc/arm-none-eabi/4.9.3/../../../../arm-none-eabi/lib/armv6-m/libc_nano.a
START GROUP
LOAD /home/adam/AnalogSensorModule-Firmware/Motate/Tools/linux/gcc-arm-none-eabi-4_9-2015q2/bin/../lib/gcc/arm-none-eabi/4.9.3/armv6-m/libgcc.a
LOAD /home/adam/AnalogSensorModule-Firmware/Motate/Tools/linux/gcc-arm-none-eabi-4_9-2015q2/bin/../lib/gcc/arm-none-eabi/4.9.3/../../../../arm-none-eabi/lib/armv6-m/libg_nano.a
LOAD /home/adam/AnalogSensorModule-Firmware/Motate/Tools/linux/gcc-arm-none-eabi-4_9-2015q2/bin/../lib/gcc/arm-none-eabi/4.9.3/../../../../arm-none-eabi/lib/armv6-m/libc_nano.a
END GROUP
START GROUP
LOAD /home/adam/AnalogSensorModule-Firmware/Motate/Tools/linux/gcc-arm-none-eabi-4_9-2015q2/bin/../lib/gcc/arm-none-eabi/4.9.3/armv6-m/libgcc.a
LOAD /home/adam/AnalogSensorModule-Firmware/Motate/Tools/linux/gcc-arm-none-eabi-4_9-2015q2/bin/../lib/gcc/arm-none-eabi/4.9.3/../../../../arm-none-eabi/lib/armv6-m/libc_nano.a
END GROUP

.isr_vector     0x00000000      0x410
                0x00000000                __vector_table = .
 *(.vector_table)
 .vector_table  0x00000000      0x410 build/FRDM-KL05Z/motate/cmsis/TARGET_Freescale/TARGET_KLXX/TARGET_KL05Z/TOOLCHAIN_GCC_ARM/startup_MKL05Z4.o
                0x00000000                __isr_vector
 *(.vectors .vectors.*)
                0x00000410                . = ALIGN (0x4)

.text           0x00000410      0xf40
 *(.text*)
 .text.SysTick_Handler
                0x00000410       0x20 build/FRDM-KL05Z/motate/Freescale_klxx/KL05ZTimers.o
                0x00000410                SysTick_Handler
 .text.TPM0_IRQHandler
                0x00000430        0x8 build/FRDM-KL05Z/motate/Freescale_klxx/KL05ZTimers.o
                0x00000430                TPM0_IRQHandler
 .text.TPM1_IRQHandler
                0x00000438        0x8 build/FRDM-KL05Z/motate/Freescale_klxx/KL05ZTimers.o
                0x00000438                TPM1_IRQHandler
 .text.startup._GLOBAL__sub_I__ZN6Motate12SysTickTimerE
                0x00000440       0x50 build/FRDM-KL05Z/motate/Freescale_klxx/KL05ZTimers.o
 .text._null_pin_change_interrupt
                0x00000490        0x2 build/FRDM-KL05Z/motate/Freescale_klxx/KL05ZPins.o
                0x00000490                Motate::IRQPin<(signed char)14>::interrupt()
                0x00000490                Motate::IRQPin<(signed char)103>::interrupt()
                0x00000490                Motate::IRQPin<(signed char)0>::interrupt()
                0x00000490                Motate::IRQPin<(signed char)19>::interrupt()
                0x00000490                Motate::IRQPin<(signed char)13>::interrupt()
                0x00000490                Motate::IRQPin<(signed char)104>::interrupt()
                0x00000490                Motate::IRQPin<(signed char)1>::interrupt()
                0x00000490                Motate::IRQPin<(signed char)7>::interrupt()
                0x00000490                Motate::IRQPin<(signed char)102>::interrupt()
                0x00000490                Motate::IRQPin<(signed char)101>::interrupt()
                0x00000490                Motate::IRQPin<(signed char)5>::interrupt()
                0x00000490                Motate::IRQPin<(signed char)15>::interrupt()
                0x00000490                Motate::IRQPin<(signed char)100>::interrupt()
                0x00000490                Motate::IRQPin<(signed char)6>::interrupt()
                0x00000490                _null_pin_change_interrupt
                0x00000490                Motate::IRQPin<(signed char)11>::interrupt()
                0x00000490                Motate::IRQPin<(signed char)2>::interrupt()
 *fill*         0x00000492        0x2 
 .text.PORTA_IRQHandler
                0x00000494      0x114 build/FRDM-KL05Z/motate/Freescale_klxx/KL05ZPins.o
                0x00000494                PORTA_IRQHandler
 .text.PORTB_IRQHandler
                0x000005a8      0x108 build/FRDM-KL05Z/motate/Freescale_klxx/KL05ZPins.o
                0x000005a8                PORTB_IRQHandler
 .text._ZN6Motate13_UARTHardwareILh0EE17getInterruptCauseEv
                0x000006b0       0x28 build/FRDM-KL05Z/motate/Freescale_klxx/KL05ZUART.o
                0x000006b0                Motate::_UARTHardware<(unsigned char)0>::getInterruptCause()
 .text.UART0_IRQHandler
                0x000006d8       0x20 build/FRDM-KL05Z/motate/Freescale_klxx/KL05ZUART.o
                0x000006d8                UART0_IRQHandler
 .text.SystemInit
                0x000006f8       0x78 build/FRDM-KL05Z/motate/cmsis/TARGET_Freescale/TARGET_KLXX/TARGET_KL05Z/system_MKL05Z4.o
                0x000006f8                SystemInit
 .text._init    0x00000770        0x8 build/FRDM-KL05Z/motate/main.o
                0x00000770                _init
 .text.startup.main
                0x00000778       0x24 build/FRDM-KL05Z/motate/main.o
                0x00000778                main
 .text._start   0x0000079c        0xe build/FRDM-KL05Z/motate/main.o
                0x0000079c                _start
 *fill*         0x000007aa        0x2 
 .text._ZN6Motate13_UARTHardwareILh0EE19setInterruptTxReadyEb.isra.44
                0x000007ac       0x1c build/FRDM-KL05Z/./buffered_uart_demo.o
 .text._ZN6Motate6IRQPinILa3EEC2Ev
                0x000007c8       0x50 build/FRDM-KL05Z/./buffered_uart_demo.o
                0x000007c8                Motate::IRQPin<(signed char)3>::IRQPin()
                0x000007c8                Motate::IRQPin<(signed char)3>::IRQPin()
 .text._ZN6Motate6IRQPinILa3EE9interruptEv
                0x00000818       0x50 build/FRDM-KL05Z/./buffered_uart_demo.o
                0x00000818                Motate::IRQPin<(signed char)3>::interrupt()
 .text._ZN6Motate6IRQPinILa4EE9interruptEv
                0x00000868       0x20 build/FRDM-KL05Z/./buffered_uart_demo.o
                0x00000868                Motate::IRQPin<(signed char)4>::interrupt()
 .text._ZN6Motate9OutputPinILa16EEC2Ev
                0x00000888       0x50 build/FRDM-KL05Z/./buffered_uart_demo.o
                0x00000888                Motate::OutputPin<(signed char)16>::OutputPin()
                0x00000888                Motate::OutputPin<(signed char)16>::OutputPin()
 .text._ZN6Motate9OutputPinILa17EEC2Ev
                0x000008d8       0x54 build/FRDM-KL05Z/./buffered_uart_demo.o
                0x000008d8                Motate::OutputPin<(signed char)17>::OutputPin()
                0x000008d8                Motate::OutputPin<(signed char)17>::OutputPin()
 .text._ZN6Motate21_BufferedUARTHardwareILh0ELa2ELa3ENS_6BufferILt128EcEES2_E4initEv
                0x0000092c       0x6c build/FRDM-KL05Z/./buffered_uart_demo.o
                0x0000092c                Motate::_BufferedUARTHardware<(unsigned char)0, (signed char)2, (signed char)3, Motate::Buffer<(unsigned short)128, char>, Motate::Buffer<(unsigned short)128, char> >::init()
 .text._ZN6Motate9OutputPinILa2EEC2Ev
                0x00000998       0x54 build/FRDM-KL05Z/./buffered_uart_demo.o
                0x00000998                Motate::OutputPin<(signed char)2>::OutputPin()
                0x00000998                Motate::OutputPin<(signed char)2>::OutputPin()
 .text._ZN6Motate6BufferILt128EcE5writeEc
                0x000009ec       0x44 build/FRDM-KL05Z/./buffered_uart_demo.o
                0x000009ec                Motate::Buffer<(unsigned short)128, char>::write(char)
 .text._ZN6Motate21_BufferedUARTHardwareILh0ELa2ELa3ENS_6BufferILt128EcEES2_E9writeByteEh
                0x00000a30       0x44 build/FRDM-KL05Z/./buffered_uart_demo.o
                0x00000a30                Motate::_BufferedUARTHardware<(unsigned char)0, (signed char)2, (signed char)3, Motate::Buffer<(unsigned short)128, char>, Motate::Buffer<(unsigned short)128, char> >::writeByte(unsigned char)
 .text._ZN6Motate12BufferedUARTILa0ELa1ELa2ELa3ENS_6BufferILt128EcEES2_E5writeEPKctb
                0x00000a74       0x7c build/FRDM-KL05Z/./buffered_uart_demo.o
                0x00000a74                Motate::BufferedUART<(signed char)0, (signed char)1, (signed char)2, (signed char)3, Motate::Buffer<(unsigned short)128, char>, Motate::Buffer<(unsigned short)128, char> >::write(char const*, unsigned short, bool)
 .text._Z5setupv
                0x00000af0       0x80 build/FRDM-KL05Z/./buffered_uart_demo.o
                0x00000af0                setup()
 .text._ZN6Motate6BufferILt128EcE4readEv
                0x00000b70       0x44 build/FRDM-KL05Z/./buffered_uart_demo.o
                0x00000b70                Motate::Buffer<(unsigned short)128, char>::read()
 .text._Z4loopv
                0x00000bb4      0x144 build/FRDM-KL05Z/./buffered_uart_demo.o
                0x00000bb4                loop()
 .text._ZN6Motate21_BufferedUARTHardwareILh0ELa2ELa3ENS_6BufferILt128EcEES2_E20uartInterruptHandlerEt
                0x00000cf8      0x13c build/FRDM-KL05Z/./buffered_uart_demo.o
                0x00000cf8                Motate::_BufferedUARTHardware<(unsigned char)0, (signed char)2, (signed char)3, Motate::Buffer<(unsigned short)128, char>, Motate::Buffer<(unsigned short)128, char> >::uartInterruptHandler(unsigned short)
 .text.startup._GLOBAL__sub_I__ZN6Motate6SerialE
                0x00000e34      0x2dc build/FRDM-KL05Z/./buffered_uart_demo.o
 .text          0x00001110       0x3a build/FRDM-KL05Z/motate/cmsis/TARGET_Freescale/TARGET_KLXX/TARGET_KL05Z/TOOLCHAIN_GCC_ARM/startup_MKL05Z4.o
                0x00001110                NMI_Handler
                0x00001112                HardFault_Handler
                0x00001114                SVC_Handler
                0x00001116                PendSV_Handler
                0x0000111a                Default_Handler
                0x0000111a                DEF_IRQHandler
                0x0000111c                DMA0_IRQHandler
                0x0000111e                DMA1_IRQHandler
                0x00001120                DMA2_IRQHandler
                0x00001122                DMA3_IRQHandler
                0x00001124                FTFA_IRQHandler
                0x00001126                LVD_LVW_IRQHandler
                0x00001128                LLW_IRQHandler
                0x0000112a                I2C0_IRQHandler
                0x0000112c                SPI0_IRQHandler
                0x00001130                ADC0_IRQHandler
                0x00001132                CMP0_IRQHandler
                0x00001138                RTC_IRQHandler
                0x0000113a                RTC_Seconds_IRQHandler
                0x0000113c                PIT_IRQHandler
                0x0000113e                DAC0_IRQHandler
                0x00001140                TSI0_IRQHandler
                0x00001142                MCG_IRQHandler
                0x00001144                LPTimer_IRQHandler
 *fill*         0x0000114a        0x2 
 .text.Reset_Handler
                0x0000114c       0x34 build/FRDM-KL05Z/motate/cmsis/TARGET_Freescale/TARGET_KLXX/TARGET_KL05Z/TOOLCHAIN_GCC_ARM/startup_MKL05Z4.o
                0x0000114c                Reset_Handler
 .text.__libc_init_array
                0x00001180       0x4c /home/adam/AnalogSensorModule-Firmware/Motate/Tools/linux/gcc-arm-none-eabi-4_9-2015q2/bin/../lib/gcc/arm-none-eabi/4.9.3/../../../../arm-none-eabi/lib/armv6-m/libc_nano.a(lib_a-init.o)
                0x00001180                __libc_init_array
 .text          0x000011cc      0x120 /home/adam/AnalogSensorModule-Firmware/Motate/Tools/linux/gcc-arm-none-eabi-4_9-2015q2/bin/../lib/gcc/arm-none-eabi/4.9.3/armv6-m/libgcc.a(_udivsi3.o)
                0x000011cc                __udivsi3
                0x000011cc                __aeabi_uidiv
                0x000012d8                __aeabi_uidivmod
 .text          0x000012ec        0x4 /home/adam/AnalogSensorModule-Firmware/Motate/Tools/linux/gcc-arm-none-eabi-4_9-2015q2/bin/../lib/gcc/arm-none-eabi/4.9.3/armv6-m/libgcc.a(_dvmd_tls.o)
                0x000012ec                __aeabi_ldiv0
                0x000012ec                __aeabi_idiv0
 *(.rodata .rodata* .gnu.linkonce.r.*)
 .rodata._ZTVN6Motate21_BufferedUARTHardwareILh0ELa2ELa3ENS_6BufferILt128EcEES2_EE
                0x000012f0        0xc build/FRDM-KL05Z/./buffered_uart_demo.o
                0x000012f0                vtable for Motate::_BufferedUARTHardware<(unsigned char)0, (signed char)2, (signed char)3, Motate::Buffer<(unsigned short)128, char>, Motate::Buffer<(unsigned short)128, char> >
 .rodata.str1.1
                0x000012fc       0x4c build/FRDM-KL05Z/./buffered_uart_demo.o
 *(.ARM.extab* .gnu.linkonce.armextab.*)
                0x00001348                . = ALIGN (0x4)
 *(.init)
                0x00001348                . = ALIGN (0x4)
                0x00001348                PROVIDE (__preinit_array_start, .)
 *(.preinit_array)
                0x00001348                PROVIDE (__preinit_array_end, .)
                0x00001348                . = ALIGN (0x4)
                0x00001348                PROVIDE (__init_array_start, .)
 *(SORT(.init_array.*))
 *(.init_array)
 .init_array    0x00001348        0x4 build/FRDM-KL05Z/motate/Freescale_klxx/KL05ZTimers.o
 .init_array    0x0000134c        0x4 build/FRDM-KL05Z/./buffered_uart_demo.o
                0x00001350                PROVIDE (__init_array_end, .)
                0x00001350                . = ALIGN (0x4)
 *crtbegin.o(.ctors)
 *(EXCLUDE_FILE(*crtend.o) .ctors)
 *(SORT(.ctors.*))
 *crtend.o(.ctors)
                0x00001350                . = ALIGN (0x4)
 *(.fini)
                0x00001350                PROVIDE (__fini_array_start, .)
 *(SORT(.fini_array.*))
 *(.fini_array)
                0x00001350                PROVIDE (__fini_array_end, .)
 *crtbegin.o(.dtors)
 *(EXCLUDE_FILE(*crtend.o) .dtors)
 *(SORT(.dtors.*))
 *crtend.o(.dtors)
 *(.eh_frame*)
                0x00001350                PROVIDE (motate_pin_change_interrupts_start, .)
 *(.motate.pin_change_interrupts)
                0x00001350                PROVIDE (motate_pin_change_interrupts_end, .)
                0x00001350                __exidx_start = .

.glue_7         0x00001350        0x0
 .glue_7        0x00000000        0x0 linker stubs

.glue_7t        0x00001350        0x0
 .glue_7t       0x00000000        0x0 linker stubs

.vfp11_veneer   0x00001350        0x0
 .vfp11_veneer  0x00000000        0x0 linker stubs

.v4_bx          0x00001350        0x0
 .v4_bx         0x00000000        0x0 linker stubs

.iplt           0x00001350        0x0
 .iplt          0x00000000        0x0 build/FRDM-KL05Z/motate/Freescale_klxx/KL05ZTimers.o

.rel.dyn        0x00001350        0x0
 .rel.iplt      0x00000000        0x0 build/FRDM-KL05Z/motate/Freescale_klxx/KL05ZTimers.o

.ARM.exidx
 *(.ARM.exidx* .gnu.linkonce.armexidx.*)
                0x00001350                __exidx_end = .
                0x00001350                __etext = .

.data           0x1ffffc00        0x4 load address 0x00001350
                0x1ffffc00                __data_start__ = .
 *(vtable)
 *(.data*)
 .data.SystemCoreClock
                0x1ffffc00        0x4 build/FRDM-KL05Z/motate/cmsis/TARGET_Freescale/TARGET_KLXX/TARGET_KL05Z/system_MKL05Z4.o
                0x1ffffc00                SystemCoreClock
                0x1ffffc04                . = ALIGN (0x4)
                0x1ffffc04                __data_end__ = .

.igot.plt       0x1ffffc04        0x0 load address 0x00001354
 .igot.plt      0x00000000        0x0 build/FRDM-KL05Z/motate/Freescale_klxx/KL05ZTimers.o

.bss            0x1ffffc04      0x55c load address 0x00001354
                0x1ffffc04                . = ALIGN (0x4)
                0x1ffffc04                __bss_start__ = .
 *(.bss*)
 .bss._ZN6Motate5TimerILh255EE16_motateTickCountE
                0x1ffffc04        0x4 build/FRDM-KL05Z/motate/Freescale_klxx/KL05ZTimers.o
                0x1ffffc04                Motate::Timer<(unsigned char)255>::_motateTickCount
 .bss._ZN6Motate18uart0HardwareProxyE
                0x1ffffc08        0x4 build/FRDM-KL05Z/motate/Freescale_klxx/KL05ZUART.o
                0x1ffffc08                Motate::uart0HardwareProxy
 .bss.led1_pin  0x1ffffc0c        0x1 build/FRDM-KL05Z/./buffered_uart_demo.o
                0x1ffffc0c                led1_pin
 *fill*         0x1ffffc0d        0x3 
 .bss._ZN6Motate6SerialE
                0x1ffffc10      0x13c build/FRDM-KL05Z/./buffered_uart_demo.o
                0x1ffffc10                Motate::Serial
 .bss.led2_pin  0x1ffffd4c        0x1 build/FRDM-KL05Z/./buffered_uart_demo.o
                0x1ffffd4c                led2_pin
 *fill*         0x1ffffd4d        0x3 
 .bss.blast_buffer
                0x1ffffd50      0x410 build/FRDM-KL05Z/./buffered_uart_demo.o
                0x1ffffd50                blast_buffer
 *(COMMON)
                0x20000160                . = ALIGN (0x4)
                0x20000160                __bss_end__ = .

.heap           0x20000160       0x80
                0x20000160                __end__ = .
                0x20000160                end = __end__
 *(.heap*)
 .heap          0x20000160       0x80 build/FRDM-KL05Z/motate/cmsis/TARGET_Freescale/TARGET_KLXX/TARGET_KL05Z/TOOLCHAIN_GCC_ARM/startup_MKL05Z4.o
                0x20000160                __HeapBase
                0x200001e0                __HeapLimit = .

.stack_dummy    0x20000160       0x80
 *(.stack)
 .stack         0x20000160       0x80 build/FRDM-KL05Z/motate/cmsis/TARGET_Freescale/TARGET_KLXX/TARGET_KL05Z/TOOLCHAIN_GCC_ARM/startup_MKL05Z4.o
                0x20000b40                __StackTop = (ORIGIN (RAM) + 0xf40)
                0x20000ac0                __StackLimit = (__StackTop - SIZEOF (.stack_dummy))
                0x20000b40                PROVIDE (__stack, __StackTop)
                0x00000001                ASSERT ((__StackLimit >= __HeapLimit), region RAM overflowed with stack)

.stab
 *(.stab)

.stabstr
 *(.stabstr)

.debug
 *(.debug)

.line
 *(.line)

.debug_srcinfo
 *(.debug_srcinfo)

.debug_sfnames
 *(.debug_sfnames)

.debug_aranges  0x00000000      0x2d8
 *(.debug_aranges)
 .debug_aranges
                0x00000000       0x38 build/FRDM-KL05Z/motate/Freescale_klxx/KL05ZTimers.o
 .debug_aranges
                0x00000038       0x30 build/FRDM-KL05Z/motate/Freescale_klxx/KL05ZPins.o
 .debug_aranges
                0x00000068       0x28 build/FRDM-KL05Z/motate/Freescale_klxx/KL05ZUART.o
 .debug_aranges
                0x00000090       0x70 build/FRDM-KL05Z/motate/platform/freescale_klxx/syscalls.o
 .debug_aranges
                0x00000100       0x28 build/FRDM-KL05Z/motate/cmsis/TARGET_Freescale/TARGET_KLXX/TARGET_KL05Z/cmsis_nvic.o
 .debug_aranges
                0x00000128       0x28 build/FRDM-KL05Z/motate/cmsis/TARGET_Freescale/TARGET_KLXX/TARGET_KL05Z/system_MKL05Z4.o
 .debug_aranges
                0x00000150       0x40 build/FRDM-KL05Z/motate/MotateJSON.o
 .debug_aranges
                0x00000190       0x50 build/FRDM-KL05Z/motate/MotateUtilities.o
 .debug_aranges
                0x000001e0       0x38 build/FRDM-KL05Z/motate/main.o
 .debug_aranges
                0x00000218       0x98 build/FRDM-KL05Z/./buffered_uart_demo.o
 .debug_aranges
                0x000002b0       0x28 build/FRDM-KL05Z/motate/cmsis/TARGET_Freescale/TARGET_KLXX/TARGET_KL05Z/TOOLCHAIN_GCC_ARM/startup_MKL05Z4.o

.debug_pubnames
 *(.debug_pubnames)

.debug_info     0x00000000    0x2c821
 *(.debug_info .gnu.linkonce.wi.*)
 .debug_info    0x00000000      0xec4 build/FRDM-KL05Z/motate/Freescale_klxx/KL05ZTimers.o
 .debug_info    0x00000ec4     0x6ca1 build/FRDM-KL05Z/motate/Freescale_klxx/KL05ZPins.o
 .debug_info    0x00007b65     0xc459 build/FRDM-KL05Z/motate/Freescale_klxx/KL05ZUART.o
 .debug_info    0x00013fbe      0x493 build/FRDM-KL05Z/motate/platform/freescale_klxx/syscalls.o
 .debug_info    0x00014451      0x2c0 build/FRDM-KL05Z/motate/cmsis/TARGET_Freescale/TARGET_KLXX/TARGET_KL05Z/cmsis_nvic.o
 .debug_info    0x00014711      0x43b build/FRDM-KL05Z/motate/cmsis/TARGET_Freescale/TARGET_KLXX/TARGET_KL05Z/system_MKL05Z4.o
 .debug_info    0x00014b4c      0xee4 build/FRDM-KL05Z/motate/MotateJSON.o
 .debug_info    0x00015a30      0x652 build/FRDM-KL05Z/motate/MotateUtilities.o
 .debug_info    0x00016082     0x5fb3 build/FRDM-KL05Z/motate/main.o
 .debug_info    0x0001c035    0x10706 build/FRDM-KL05Z/./buffered_uart_demo.o
 .debug_info    0x0002c73b       0xe6 build/FRDM-KL05Z/motate/cmsis/TARGET_Freescale/TARGET_KLXX/TARGET_KL05Z/TOOLCHAIN_GCC_ARM/startup_MKL05Z4.o

.debug_abbrev   0x00000000     0x2be2
 *(.debug_abbrev)
 .debug_abbrev  0x00000000      0x383 build/FRDM-KL05Z/motate/Freescale_klxx/KL05ZTimers.o
 .debug_abbrev  0x00000383      0x458 build/FRDM-KL05Z/motate/Freescale_klxx/KL05ZPins.o
 .debug_abbrev  0x000007db      0x8dd build/FRDM-KL05Z/motate/Freescale_klxx/KL05ZUART.o
 .debug_abbrev  0x000010b8      0x153 build/FRDM-KL05Z/motate/platform/freescale_klxx/syscalls.o
 .debug_abbrev  0x0000120b      0x144 build/FRDM-KL05Z/motate/cmsis/TARGET_Freescale/TARGET_KLXX/TARGET_KL05Z/cmsis_nvic.o
 .debug_abbrev  0x0000134f      0x114 build/FRDM-KL05Z/motate/cmsis/TARGET_Freescale/TARGET_KLXX/TARGET_KL05Z/system_MKL05Z4.o
 .debug_abbrev  0x00001463      0x45a build/FRDM-KL05Z/motate/MotateJSON.o
 .debug_abbrev  0x000018bd      0x26a build/FRDM-KL05Z/motate/MotateUtilities.o
 .debug_abbrev  0x00001b27      0x430 build/FRDM-KL05Z/motate/main.o
 .debug_abbrev  0x00001f57      0xc79 build/FRDM-KL05Z/./buffered_uart_demo.o
 .debug_abbrev  0x00002bd0       0x12 build/FRDM-KL05Z/motate/cmsis/TARGET_Freescale/TARGET_KLXX/TARGET_KL05Z/TOOLCHAIN_GCC_ARM/startup_MKL05Z4.o

.debug_line     0x00000000     0x4e9d
 *(.debug_line)
 .debug_line    0x00000000      0x458 build/FRDM-KL05Z/motate/Freescale_klxx/KL05ZTimers.o
 .debug_line    0x00000458      0x86b build/FRDM-KL05Z/motate/Freescale_klxx/KL05ZPins.o
 .debug_line    0x00000cc3      0xda4 build/FRDM-KL05Z/motate/Freescale_klxx/KL05ZUART.o
 .debug_line    0x00001a67      0x444 build/FRDM-KL05Z/motate/platform/freescale_klxx/syscalls.o
 .debug_line    0x00001eab      0x3b0 build/FRDM-KL05Z/motate/cmsis/TARGET_Freescale/TARGET_KLXX/TARGET_KL05Z/cmsis_nvic.o
 .debug_line    0x0000225b      0x3d0 build/FRDM-KL05Z/motate/cmsis/TARGET_Freescale/TARGET_KLXX/TARGET_KL05Z/system_MKL05Z4.o
 .debug_line    0x0000262b      0x651 build/FRDM-KL05Z/motate/MotateJSON.o
 .debug_line    0x00002c7c      0x67d build/FRDM-KL05Z/motate/MotateUtilities.o
 .debug_line    0x000032f9      0x78d build/FRDM-KL05Z/motate/main.o
 .debug_line    0x00003a86     0x130d build/FRDM-KL05Z/./buffered_uart_demo.o
 .debug_line    0x00004d93      0x10a build/FRDM-KL05Z/motate/cmsis/TARGET_Freescale/TARGET_KLXX/TARGET_KL05Z/TOOLCHAIN_GCC_ARM/startup_MKL05Z4.o

.debug_frame    0x00000000      0xf68
 *(.debug_frame)
 .debug_frame   0x00000000       0x70 build/FRDM-KL05Z/motate/Freescale_klxx/KL05ZTimers.o
 .debug_frame   0x00000070       0x58 build/FRDM-KL05Z/motate/Freescale_klxx/KL05ZPins.o
 .debug_frame   0x000000c8       0x3c build/FRDM-KL05Z/motate/Freescale_klxx/KL05ZUART.o
 .debug_frame   0x00000104       0xc8 build/FRDM-KL05Z/motate/platform/freescale_klxx/syscalls.o
 .debug_frame   0x000001cc       0x3c build/FRDM-KL05Z/motate/cmsis/TARGET_Freescale/TARGET_KLXX/TARGET_KL05Z/cmsis_nvic.o
 .debug_frame   0x00000208       0x38 build/FRDM-KL05Z/motate/cmsis/TARGET_Freescale/TARGET_KLXX/TARGET_KL05Z/system_MKL05Z4.o
 .debug_frame   0x00000240       0x88 build/FRDM-KL05Z/motate/MotateJSON.o
 .debug_frame   0x000002c8       0xc8 build/FRDM-KL05Z/motate/MotateUtilities.o
 .debug_frame   0x00000390       0x68 build/FRDM-KL05Z/motate/main.o
 .debug_frame   0x000003f8      0x1a4 build/FRDM-KL05Z/./buffered_uart_demo.o
 .debug_frame   0x0000059c       0x2c /home/adam/AnalogSensorModule-Firmware/Motate/Tools/linux/gcc-arm-none-eabi-4_9-2015q2/bin/../lib/gcc/arm-none-eabi/4.9.3/../../../../arm-none-eabi/lib/armv6-m/libc_nano.a(lib_a-init.o)
 .debug_frame   0x000005c8       0x50 /home/adam/AnalogSensorModule-Firmware/Motate/Tools/linux/gcc-arm-none-eabi-4_9-2015q2/bin/../lib/gcc/arm-none-eabi/4.9.3/../../../../arm-none-eabi/lib/armv6-m/libc_nano.a(lib_a-printf.o)
 .debug_frame   0x00000618      0x140 /home/adam/AnalogSensorModule-Firmware/Motate/Tools/linux/gcc-arm-none-eabi-4_9-2015q2/bin/../lib/gcc/arm-none-eabi/4.9.3/../../../../arm-none-eabi/lib/armv6-m/libc_nano.a(lib_a-findfp.o)
 .debug_frame   0x00000758       0x58 /home/adam/AnalogSensorModule-Firmware/Motate/Tools/linux/gcc-arm-none-eabi-4_9-2015q2/bin/../lib/gcc/arm-none-eabi/4.9.3/../../../../arm-none-eabi/lib/armv6-m/libc_nano.a(lib_a-fwalk.o)
 .debug_frame   0x000007b0       0x20 /home/adam/AnalogSensorModule-Firmware/Motate/Tools/linux/gcc-arm-none-eabi-4_9-2015q2/bin/../lib/gcc/arm-none-eabi/4.9.3/../../../../arm-none-eabi/lib/armv6-m/libc_nano.a(lib_a-memset.o)
 .debug_frame   0x000007d0       0x2c /home/adam/AnalogSensorModule-Firmware/Motate/Tools/linux/gcc-arm-none-eabi-4_9-2015q2/bin/../lib/gcc/arm-none-eabi/4.9.3/../../../../arm-none-eabi/lib/armv6-m/libc_nano.a(lib_a-nano-mallocr.o)
 .debug_frame   0x000007fc       0xa0 /home/adam/AnalogSensorModule-Firmware/Motate/Tools/linux/gcc-arm-none-eabi-4_9-2015q2/bin/../lib/gcc/arm-none-eabi/4.9.3/../../../../arm-none-eabi/lib/armv6-m/libc_nano.a(lib_a-nano-vfprintf.o)
 .debug_frame   0x0000089c       0x54 /home/adam/AnalogSensorModule-Firmware/Motate/Tools/linux/gcc-arm-none-eabi-4_9-2015q2/bin/../lib/gcc/arm-none-eabi/4.9.3/../../../../arm-none-eabi/lib/armv6-m/libc_nano.a(lib_a-nano-vfprintf_i.o)
 .debug_frame   0x000008f0       0x2c /home/adam/AnalogSensorModule-Firmware/Motate/Tools/linux/gcc-arm-none-eabi-4_9-2015q2/bin/../lib/gcc/arm-none-eabi/4.9.3/../../../../arm-none-eabi/lib/armv6-m/libc_nano.a(lib_a-sbrkr.o)
 .debug_frame   0x0000091c       0x90 /home/adam/AnalogSensorModule-Firmware/Motate/Tools/linux/gcc-arm-none-eabi-4_9-2015q2/bin/../lib/gcc/arm-none-eabi/4.9.3/../../../../arm-none-eabi/lib/armv6-m/libc_nano.a(lib_a-stdio.o)
 .debug_frame   0x000009ac       0x44 /home/adam/AnalogSensorModule-Firmware/Motate/Tools/linux/gcc-arm-none-eabi-4_9-2015q2/bin/../lib/gcc/arm-none-eabi/4.9.3/../../../../arm-none-eabi/lib/armv6-m/libc_nano.a(lib_a-wbuf.o)
 .debug_frame   0x000009f0       0x2c /home/adam/AnalogSensorModule-Firmware/Motate/Tools/linux/gcc-arm-none-eabi-4_9-2015q2/bin/../lib/gcc/arm-none-eabi/4.9.3/../../../../arm-none-eabi/lib/armv6-m/libc_nano.a(lib_a-writer.o)
 .debug_frame   0x00000a1c       0x2c /home/adam/AnalogSensorModule-Firmware/Motate/Tools/linux/gcc-arm-none-eabi-4_9-2015q2/bin/../lib/gcc/arm-none-eabi/4.9.3/../../../../arm-none-eabi/lib/armv6-m/libc_nano.a(lib_a-wsetup.o)
 .debug_frame   0x00000a48       0x2c /home/adam/AnalogSensorModule-Firmware/Motate/Tools/linux/gcc-arm-none-eabi-4_9-2015q2/bin/../lib/gcc/arm-none-eabi/4.9.3/../../../../arm-none-eabi/lib/armv6-m/libc_nano.a(lib_a-closer.o)
 .debug_frame   0x00000a74       0x68 /home/adam/AnalogSensorModule-Firmware/Motate/Tools/linux/gcc-arm-none-eabi-4_9-2015q2/bin/../lib/gcc/arm-none-eabi/4.9.3/../../../../arm-none-eabi/lib/armv6-m/libc_nano.a(lib_a-fflush.o)
 .debug_frame   0x00000adc       0x30 /home/adam/AnalogSensorModule-Firmware/Motate/Tools/linux/gcc-arm-none-eabi-4_9-2015q2/bin/../lib/gcc/arm-none-eabi/4.9.3/../../../../arm-none-eabi/lib/armv6-m/libc_nano.a(lib_a-fvwrite.o)
 .debug_frame   0x00000b0c       0x2c /home/adam/AnalogSensorModule-Firmware/Motate/Tools/linux/gcc-arm-none-eabi-4_9-2015q2/bin/../lib/gcc/arm-none-eabi/4.9.3/../../../../arm-none-eabi/lib/armv6-m/libc_nano.a(lib_a-lseekr.o)
 .debug_frame   0x00000b38       0x30 /home/adam/AnalogSensorModule-Firmware/Motate/Tools/linux/gcc-arm-none-eabi-4_9-2015q2/bin/../lib/gcc/arm-none-eabi/4.9.3/../../../../arm-none-eabi/lib/armv6-m/libc_nano.a(lib_a-makebuf.o)
 .debug_frame   0x00000b68       0x20 /home/adam/AnalogSensorModule-Firmware/Motate/Tools/linux/gcc-arm-none-eabi-4_9-2015q2/bin/../lib/gcc/arm-none-eabi/4.9.3/../../../../arm-none-eabi/lib/armv6-m/libc_nano.a(lib_a-memchr.o)
 .debug_frame   0x00000b88       0x28 /home/adam/AnalogSensorModule-Firmware/Motate/Tools/linux/gcc-arm-none-eabi-4_9-2015q2/bin/../lib/gcc/arm-none-eabi/4.9.3/../../../../arm-none-eabi/lib/armv6-m/libc_nano.a(lib_a-memcpy.o)
 .debug_frame   0x00000bb0       0x28 /home/adam/AnalogSensorModule-Firmware/Motate/Tools/linux/gcc-arm-none-eabi-4_9-2015q2/bin/../lib/gcc/arm-none-eabi/4.9.3/../../../../arm-none-eabi/lib/armv6-m/libc_nano.a(lib_a-memmove.o)
 .debug_frame   0x00000bd8       0x2c /home/adam/AnalogSensorModule-Firmware/Motate/Tools/linux/gcc-arm-none-eabi-4_9-2015q2/bin/../lib/gcc/arm-none-eabi/4.9.3/../../../../arm-none-eabi/lib/armv6-m/libc_nano.a(lib_a-nano-freer.o)
 .debug_frame   0x00000c04       0x30 /home/adam/AnalogSensorModule-Firmware/Motate/Tools/linux/gcc-arm-none-eabi-4_9-2015q2/bin/../lib/gcc/arm-none-eabi/4.9.3/../../../../arm-none-eabi/lib/armv6-m/libc_nano.a(lib_a-nano-reallocr.o)
 .debug_frame   0x00000c34       0x2c /home/adam/AnalogSensorModule-Firmware/Motate/Tools/linux/gcc-arm-none-eabi-4_9-2015q2/bin/../lib/gcc/arm-none-eabi/4.9.3/../../../../arm-none-eabi/lib/armv6-m/libc_nano.a(lib_a-readr.o)
 .debug_frame   0x00000c60       0x48 /home/adam/AnalogSensorModule-Firmware/Motate/Tools/linux/gcc-arm-none-eabi-4_9-2015q2/bin/../lib/gcc/arm-none-eabi/4.9.3/../../../../arm-none-eabi/lib/armv6-m/libc_nano.a(lib_a-reent.o)
 .debug_frame   0x00000ca8       0x2c /home/adam/AnalogSensorModule-Firmware/Motate/Tools/linux/gcc-arm-none-eabi-4_9-2015q2/bin/../lib/gcc/arm-none-eabi/4.9.3/../../../../arm-none-eabi/lib/armv6-m/libc_nano.a(lib_a-fstatr.o)
 .debug_frame   0x00000cd4       0x2c /home/adam/AnalogSensorModule-Firmware/Motate/Tools/linux/gcc-arm-none-eabi-4_9-2015q2/bin/../lib/gcc/arm-none-eabi/4.9.3/../../../../arm-none-eabi/lib/armv6-m/libc_nano.a(lib_a-isattyr.o)
 .debug_frame   0x00000d00       0x20 /home/adam/AnalogSensorModule-Firmware/Motate/Tools/linux/gcc-arm-none-eabi-4_9-2015q2/bin/../lib/gcc/arm-none-eabi/4.9.3/../../../../arm-none-eabi/lib/armv6-m/libc_nano.a(lib_a-nano-msizer.o)
 .debug_frame   0x00000d20       0x20 /home/adam/AnalogSensorModule-Firmware/Motate/Tools/linux/gcc-arm-none-eabi-4_9-2015q2/bin/../lib/gcc/arm-none-eabi/4.9.3/armv6-m/libgcc.a(_udivsi3.o)
 .debug_frame   0x00000d40       0x20 /home/adam/AnalogSensorModule-Firmware/Motate/Tools/linux/gcc-arm-none-eabi-4_9-2015q2/bin/../lib/gcc/arm-none-eabi/4.9.3/armv6-m/libgcc.a(_divsi3.o)
 .debug_frame   0x00000d60       0x30 /home/adam/AnalogSensorModule-Firmware/Motate/Tools/linux/gcc-arm-none-eabi-4_9-2015q2/bin/../lib/gcc/arm-none-eabi/4.9.3/armv6-m/libgcc.a(addsf3.o)
 .debug_frame   0x00000d90       0x3c /home/adam/AnalogSensorModule-Firmware/Motate/Tools/linux/gcc-arm-none-eabi-4_9-2015q2/bin/../lib/gcc/arm-none-eabi/4.9.3/armv6-m/libgcc.a(divsf3.o)
 .debug_frame   0x00000dcc       0x2c /home/adam/AnalogSensorModule-Firmware/Motate/Tools/linux/gcc-arm-none-eabi-4_9-2015q2/bin/../lib/gcc/arm-none-eabi/4.9.3/armv6-m/libgcc.a(eqsf2.o)
 .debug_frame   0x00000df8       0x30 /home/adam/AnalogSensorModule-Firmware/Motate/Tools/linux/gcc-arm-none-eabi-4_9-2015q2/bin/../lib/gcc/arm-none-eabi/4.9.3/armv6-m/libgcc.a(gesf2.o)
 .debug_frame   0x00000e28       0x30 /home/adam/AnalogSensorModule-Firmware/Motate/Tools/linux/gcc-arm-none-eabi-4_9-2015q2/bin/../lib/gcc/arm-none-eabi/4.9.3/armv6-m/libgcc.a(lesf2.o)
 .debug_frame   0x00000e58       0x3c /home/adam/AnalogSensorModule-Firmware/Motate/Tools/linux/gcc-arm-none-eabi-4_9-2015q2/bin/../lib/gcc/arm-none-eabi/4.9.3/armv6-m/libgcc.a(mulsf3.o)
 .debug_frame   0x00000e94       0x30 /home/adam/AnalogSensorModule-Firmware/Motate/Tools/linux/gcc-arm-none-eabi-4_9-2015q2/bin/../lib/gcc/arm-none-eabi/4.9.3/armv6-m/libgcc.a(subsf3.o)
 .debug_frame   0x00000ec4       0x20 /home/adam/AnalogSensorModule-Firmware/Motate/Tools/linux/gcc-arm-none-eabi-4_9-2015q2/bin/../lib/gcc/arm-none-eabi/4.9.3/armv6-m/libgcc.a(fixsfsi.o)
 .debug_frame   0x00000ee4       0x2c /home/adam/AnalogSensorModule-Firmware/Motate/Tools/linux/gcc-arm-none-eabi-4_9-2015q2/bin/../lib/gcc/arm-none-eabi/4.9.3/armv6-m/libgcc.a(floatsisf.o)
 .debug_frame   0x00000f10       0x2c /home/adam/AnalogSensorModule-Firmware/Motate/Tools/linux/gcc-arm-none-eabi-4_9-2015q2/bin/../lib/gcc/arm-none-eabi/4.9.3/armv6-m/libgcc.a(extendsfdf2.o)
 .debug_frame   0x00000f3c       0x2c /home/adam/AnalogSensorModule-Firmware/Motate/Tools/linux/gcc-arm-none-eabi-4_9-2015q2/bin/../lib/gcc/arm-none-eabi/4.9.3/armv6-m/libgcc.a(truncdfsf2.o)

.debug_str      0x00000000    0x323b1
 *(.debug_str)
 .debug_str     0x00000000    0x14aa6 build/FRDM-KL05Z/motate/Freescale_klxx/KL05ZTimers.o
                              0x14def (size before relaxing)
 .debug_str     0x00014aa6     0xdc5f build/FRDM-KL05Z/motate/Freescale_klxx/KL05ZPins.o
                              0x21f62 (size before relaxing)
 .debug_str     0x00022705     0xc0fb build/FRDM-KL05Z/motate/Freescale_klxx/KL05ZUART.o
                              0x2dad1 (size before relaxing)
 .debug_str     0x0002e800     0x1413 build/FRDM-KL05Z/motate/platform/freescale_klxx/syscalls.o
                               0x62a8 (size before relaxing)
 .debug_str     0x0002fc13      0x2fc build/FRDM-KL05Z/motate/cmsis/TARGET_Freescale/TARGET_KLXX/TARGET_KL05Z/cmsis_nvic.o
                              0x13d3a (size before relaxing)
 .debug_str     0x0002ff0f      0x219 build/FRDM-KL05Z/motate/cmsis/TARGET_Freescale/TARGET_KLXX/TARGET_KL05Z/system_MKL05Z4.o
                              0x13c55 (size before relaxing)
 .debug_str     0x00030128      0xc86 build/FRDM-KL05Z/motate/MotateJSON.o
                               0x7b7d (size before relaxing)
 .debug_str     0x00030dae      0x124 build/FRDM-KL05Z/motate/MotateUtilities.o
                               0x708c (size before relaxing)
 .debug_str     0x00030ed2       0xca build/FRDM-KL05Z/motate/main.o
                              0x215a9 (size before relaxing)
 .debug_str     0x00030f9c     0x1415 build/FRDM-KL05Z/./buffered_uart_demo.o
                              0x2f2be (size before relaxing)

.debug_loc      0x00000000     0x1658
 *(.debug_loc)
 .debug_loc     0x00000000       0x49 build/FRDM-KL05Z/motate/Freescale_klxx/KL05ZTimers.o
 .debug_loc     0x00000049       0x26 build/FRDM-KL05Z/motate/Freescale_klxx/KL05ZPins.o
 .debug_loc     0x0000006f       0x32 build/FRDM-KL05Z/motate/Freescale_klxx/KL05ZUART.o
 .debug_loc     0x000000a1      0x13f build/FRDM-KL05Z/motate/platform/freescale_klxx/syscalls.o
 .debug_loc     0x000001e0       0x6b build/FRDM-KL05Z/motate/cmsis/TARGET_Freescale/TARGET_KLXX/TARGET_KL05Z/cmsis_nvic.o
 .debug_loc     0x0000024b       0x6e build/FRDM-KL05Z/motate/cmsis/TARGET_Freescale/TARGET_KLXX/TARGET_KL05Z/system_MKL05Z4.o
 .debug_loc     0x000002b9      0x484 build/FRDM-KL05Z/motate/MotateJSON.o
 .debug_loc     0x0000073d      0x58b build/FRDM-KL05Z/motate/MotateUtilities.o
 .debug_loc     0x00000cc8      0x990 build/FRDM-KL05Z/./buffered_uart_demo.o

.debug_macinfo
 *(.debug_macinfo)

.debug_weaknames
 *(.debug_weaknames)

.debug_funcnames
 *(.debug_funcnames)

.debug_typenames
 *(.debug_typenames)

.debug_varnames
 *(.debug_varnames)

.note.gnu.arm.ident
 *(.note.gnu.arm.ident)

.ARM.attributes
                0x00000000       0x30
 *(.ARM.attributes)
 .ARM.attributes
                0x00000000       0x32 build/FRDM-KL05Z/motate/Freescale_klxx/KL05ZTimers.o
 .ARM.attributes
                0x00000032       0x32 build/FRDM-KL05Z/motate/Freescale_klxx/KL05ZPins.o
 .ARM.attributes
                0x00000064       0x32 build/FRDM-KL05Z/motate/Freescale_klxx/KL05ZUART.o
 .ARM.attributes
                0x00000096       0x32 build/FRDM-KL05Z/motate/platform/freescale_klxx/syscalls.o
 .ARM.attributes
                0x000000c8       0x32 build/FRDM-KL05Z/motate/cmsis/TARGET_Freescale/TARGET_KLXX/TARGET_KL05Z/cmsis_nvic.o
 .ARM.attributes
                0x000000fa       0x32 build/FRDM-KL05Z/motate/cmsis/TARGET_Freescale/TARGET_KLXX/TARGET_KL05Z/system_MKL05Z4.o
 .ARM.attributes
                0x0000012c       0x32 build/FRDM-KL05Z/motate/MotateJSON.o
 .ARM.attributes
                0x0000015e       0x32 build/FRDM-KL05Z/motate/MotateUtilities.o
 .ARM.attributes
                0x00000190       0x32 build/FRDM-KL05Z/motate/main.o
 .ARM.attributes
                0x000001c2       0x32 build/FRDM-KL05Z/./buffered_uart_demo.o
 .ARM.attributes
                0x000001f4       0x1b build/FRDM-KL05Z/motate/cmsis/TARGET_Freescale/TARGET_KLXX/TARGET_KL05Z/TOOLCHAIN_GCC_ARM/startup_MKL05Z4.o
 .ARM.attributes
                0x0000020f       0x2c /home/adam/AnalogSensorModule-Firmware/Motate/Tools/linux/gcc-arm-none-eabi-4_9-2015q2/bin/../lib/gcc/arm-none-eabi/4.9.3/../../../../arm-none-eabi/lib/armv6-m/libc_nano.a(lib_a-init.o)
 .ARM.attributes
                0x0000023b       0x2c /home/adam/AnalogSensorModule-Firmware/Motate/Tools/linux/gcc-arm-none-eabi-4_9-2015q2/bin/../lib/gcc/arm-none-eabi/4.9.3/../../../../arm-none-eabi/lib/armv6-m/libc_nano.a(lib_a-printf.o)
 .ARM.attributes
                0x00000267       0x2c /home/adam/AnalogSensorModule-Firmware/Motate/Tools/linux/gcc-arm-none-eabi-4_9-2015q2/bin/../lib/gcc/arm-none-eabi/4.9.3/../../../../arm-none-eabi/lib/armv6-m/libc_nano.a(lib_a-findfp.o)
 .ARM.attributes
                0x00000293       0x2c /home/adam/AnalogSensorModule-Firmware/Motate/Tools/linux/gcc-arm-none-eabi-4_9-2015q2/bin/../lib/gcc/arm-none-eabi/4.9.3/../../../../arm-none-eabi/lib/armv6-m/libc_nano.a(lib_a-fwalk.o)
 .ARM.attributes
                0x000002bf       0x2c /home/adam/AnalogSensorModule-Firmware/Motate/Tools/linux/gcc-arm-none-eabi-4_9-2015q2/bin/../lib/gcc/arm-none-eabi/4.9.3/../../../../arm-none-eabi/lib/armv6-m/libc_nano.a(lib_a-impure.o)
 .ARM.attributes
                0x000002eb       0x2c /home/adam/AnalogSensorModule-Firmware/Motate/Tools/linux/gcc-arm-none-eabi-4_9-2015q2/bin/../lib/gcc/arm-none-eabi/4.9.3/../../../../arm-none-eabi/lib/armv6-m/libc_nano.a(lib_a-memset.o)
 .ARM.attributes
                0x00000317       0x2c /home/adam/AnalogSensorModule-Firmware/Motate/Tools/linux/gcc-arm-none-eabi-4_9-2015q2/bin/../lib/gcc/arm-none-eabi/4.9.3/../../../../arm-none-eabi/lib/armv6-m/libc_nano.a(lib_a-nano-mallocr.o)
 .ARM.attributes
                0x00000343       0x2c /home/adam/AnalogSensorModule-Firmware/Motate/Tools/linux/gcc-arm-none-eabi-4_9-2015q2/bin/../lib/gcc/arm-none-eabi/4.9.3/../../../../arm-none-eabi/lib/armv6-m/libc_nano.a(lib_a-nano-vfprintf.o)
 .ARM.attributes
                0x0000036f       0x2c /home/adam/AnalogSensorModule-Firmware/Motate/Tools/linux/gcc-arm-none-eabi-4_9-2015q2/bin/../lib/gcc/arm-none-eabi/4.9.3/../../../../arm-none-eabi/lib/armv6-m/libc_nano.a(lib_a-nano-vfprintf_i.o)
 .ARM.attributes
                0x0000039b       0x2c /home/adam/AnalogSensorModule-Firmware/Motate/Tools/linux/gcc-arm-none-eabi-4_9-2015q2/bin/../lib/gcc/arm-none-eabi/4.9.3/../../../../arm-none-eabi/lib/armv6-m/libc_nano.a(lib_a-sbrkr.o)
 .ARM.attributes
                0x000003c7       0x2c /home/adam/AnalogSensorModule-Firmware/Motate/Tools/linux/gcc-arm-none-eabi-4_9-2015q2/bin/../lib/gcc/arm-none-eabi/4.9.3/../../../../arm-none-eabi/lib/armv6-m/libc_nano.a(lib_a-stdio.o)
 .ARM.attributes
                0x000003f3       0x2c /home/adam/AnalogSensorModule-Firmware/Motate/Tools/linux/gcc-arm-none-eabi-4_9-2015q2/bin/../lib/gcc/arm-none-eabi/4.9.3/../../../../arm-none-eabi/lib/armv6-m/libc_nano.a(lib_a-wbuf.o)
 .ARM.attributes
                0x0000041f       0x2c /home/adam/AnalogSensorModule-Firmware/Motate/Tools/linux/gcc-arm-none-eabi-4_9-2015q2/bin/../lib/gcc/arm-none-eabi/4.9.3/../../../../arm-none-eabi/lib/armv6-m/libc_nano.a(lib_a-writer.o)
 .ARM.attributes
                0x0000044b       0x2c /home/adam/AnalogSensorModule-Firmware/Motate/Tools/linux/gcc-arm-none-eabi-4_9-2015q2/bin/../lib/gcc/arm-none-eabi/4.9.3/../../../../arm-none-eabi/lib/armv6-m/libc_nano.a(lib_a-wsetup.o)
 .ARM.attributes
                0x00000477       0x2c /home/adam/AnalogSensorModule-Firmware/Motate/Tools/linux/gcc-arm-none-eabi-4_9-2015q2/bin/../lib/gcc/arm-none-eabi/4.9.3/../../../../arm-none-eabi/lib/armv6-m/libc_nano.a(lib_a-closer.o)
 .ARM.attributes
                0x000004a3       0x2c /home/adam/AnalogSensorModule-Firmware/Motate/Tools/linux/gcc-arm-none-eabi-4_9-2015q2/bin/../lib/gcc/arm-none-eabi/4.9.3/../../../../arm-none-eabi/lib/armv6-m/libc_nano.a(lib_a-fflush.o)
 .ARM.attributes
                0x000004cf       0x2c /home/adam/AnalogSensorModule-Firmware/Motate/Tools/linux/gcc-arm-none-eabi-4_9-2015q2/bin/../lib/gcc/arm-none-eabi/4.9.3/../../../../arm-none-eabi/lib/armv6-m/libc_nano.a(lib_a-fvwrite.o)
 .ARM.attributes
                0x000004fb       0x2c /home/adam/AnalogSensorModule-Firmware/Motate/Tools/linux/gcc-arm-none-eabi-4_9-2015q2/bin/../lib/gcc/arm-none-eabi/4.9.3/../../../../arm-none-eabi/lib/armv6-m/libc_nano.a(lib_a-lseekr.o)
 .ARM.attributes
                0x00000527       0x2c /home/adam/AnalogSensorModule-Firmware/Motate/Tools/linux/gcc-arm-none-eabi-4_9-2015q2/bin/../lib/gcc/arm-none-eabi/4.9.3/../../../../arm-none-eabi/lib/armv6-m/libc_nano.a(lib_a-makebuf.o)
 .ARM.attributes
                0x00000553       0x2c /home/adam/AnalogSensorModule-Firmware/Motate/Tools/linux/gcc-arm-none-eabi-4_9-2015q2/bin/../lib/gcc/arm-none-eabi/4.9.3/../../../../arm-none-eabi/lib/armv6-m/libc_nano.a(lib_a-memchr.o)
 .ARM.attributes
                0x0000057f       0x2c /home/adam/AnalogSensorModule-Firmware/Motate/Tools/linux/gcc-arm-none-eabi-4_9-2015q2/bin/../lib/gcc/arm-none-eabi/4.9.3/../../../../arm-none-eabi/lib/armv6-m/libc_nano.a(lib_a-memcpy.o)
 .ARM.attributes
                0x000005ab       0x2c /home/adam/AnalogSensorModule-Firmware/Motate/Tools/linux/gcc-arm-none-eabi-4_9-2015q2/bin/../lib/gcc/arm-none-eabi/4.9.3/../../../../arm-none-eabi/lib/armv6-m/libc_nano.a(lib_a-memmove.o)
 .ARM.attributes
                0x000005d7       0x2c /home/adam/AnalogSensorModule-Firmware/Motate/Tools/linux/gcc-arm-none-eabi-4_9-2015q2/bin/../lib/gcc/arm-none-eabi/4.9.3/../../../../arm-none-eabi/lib/armv6-m/libc_nano.a(lib_a-nano-freer.o)
 .ARM.attributes
                0x00000603       0x2c /home/adam/AnalogSensorModule-Firmware/Motate/Tools/linux/gcc-arm-none-eabi-4_9-2015q2/bin/../lib/gcc/arm-none-eabi/4.9.3/../../../../arm-none-eabi/lib/armv6-m/libc_nano.a(lib_a-nano-reallocr.o)
 .ARM.attributes
                0x0000062f       0x2c /home/adam/AnalogSensorModule-Firmware/Motate/Tools/linux/gcc-arm-none-eabi-4_9-2015q2/bin/../lib/gcc/arm-none-eabi/4.9.3/../../../../arm-none-eabi/lib/armv6-m/libc_nano.a(lib_a-readr.o)
 .ARM.attributes
                0x0000065b       0x2c /home/adam/AnalogSensorModule-Firmware/Motate/Tools/linux/gcc-arm-none-eabi-4_9-2015q2/bin/../lib/gcc/arm-none-eabi/4.9.3/../../../../arm-none-eabi/lib/armv6-m/libc_nano.a(lib_a-reent.o)
 .ARM.attributes
                0x00000687       0x2c /home/adam/AnalogSensorModule-Firmware/Motate/Tools/linux/gcc-arm-none-eabi-4_9-2015q2/bin/../lib/gcc/arm-none-eabi/4.9.3/../../../../arm-none-eabi/lib/armv6-m/libc_nano.a(lib_a-fstatr.o)
 .ARM.attributes
                0x000006b3       0x2c /home/adam/AnalogSensorModule-Firmware/Motate/Tools/linux/gcc-arm-none-eabi-4_9-2015q2/bin/../lib/gcc/arm-none-eabi/4.9.3/../../../../arm-none-eabi/lib/armv6-m/libc_nano.a(lib_a-isattyr.o)
 .ARM.attributes
                0x000006df       0x2c /home/adam/AnalogSensorModule-Firmware/Motate/Tools/linux/gcc-arm-none-eabi-4_9-2015q2/bin/../lib/gcc/arm-none-eabi/4.9.3/../../../../arm-none-eabi/lib/armv6-m/libc_nano.a(lib_a-nano-msizer.o)
 .ARM.attributes
                0x0000070b       0x1e /home/adam/AnalogSensorModule-Firmware/Motate/Tools/linux/gcc-arm-none-eabi-4_9-2015q2/bin/../lib/gcc/arm-none-eabi/4.9.3/armv6-m/libgcc.a(_udivsi3.o)
 .ARM.attributes
                0x00000729       0x1e /home/adam/AnalogSensorModule-Firmware/Motate/Tools/linux/gcc-arm-none-eabi-4_9-2015q2/bin/../lib/gcc/arm-none-eabi/4.9.3/armv6-m/libgcc.a(_divsi3.o)
 .ARM.attributes
                0x00000747       0x1e /home/adam/AnalogSensorModule-Firmware/Motate/Tools/linux/gcc-arm-none-eabi-4_9-2015q2/bin/../lib/gcc/arm-none-eabi/4.9.3/armv6-m/libgcc.a(_dvmd_tls.o)
 .ARM.attributes
                0x00000765       0x1e /home/adam/AnalogSensorModule-Firmware/Motate/Tools/linux/gcc-arm-none-eabi-4_9-2015q2/bin/../lib/gcc/arm-none-eabi/4.9.3/armv6-m/libgcc.a(_arm_cmpsf2.o)
 .ARM.attributes
                0x00000783       0x2c /home/adam/AnalogSensorModule-Firmware/Motate/Tools/linux/gcc-arm-none-eabi-4_9-2015q2/bin/../lib/gcc/arm-none-eabi/4.9.3/armv6-m/libgcc.a(addsf3.o)
 .ARM.attributes
                0x000007af       0x2c /home/adam/AnalogSensorModule-Firmware/Motate/Tools/linux/gcc-arm-none-eabi-4_9-2015q2/bin/../lib/gcc/arm-none-eabi/4.9.3/armv6-m/libgcc.a(divsf3.o)
 .ARM.attributes
                0x000007db       0x2c /home/adam/AnalogSensorModule-Firmware/Motate/Tools/linux/gcc-arm-none-eabi-4_9-2015q2/bin/../lib/gcc/arm-none-eabi/4.9.3/armv6-m/libgcc.a(eqsf2.o)
 .ARM.attributes
                0x00000807       0x2c /home/adam/AnalogSensorModule-Firmware/Motate/Tools/linux/gcc-arm-none-eabi-4_9-2015q2/bin/../lib/gcc/arm-none-eabi/4.9.3/armv6-m/libgcc.a(gesf2.o)
 .ARM.attributes
                0x00000833       0x2c /home/adam/AnalogSensorModule-Firmware/Motate/Tools/linux/gcc-arm-none-eabi-4_9-2015q2/bin/../lib/gcc/arm-none-eabi/4.9.3/armv6-m/libgcc.a(lesf2.o)
 .ARM.attributes
                0x0000085f       0x2c /home/adam/AnalogSensorModule-Firmware/Motate/Tools/linux/gcc-arm-none-eabi-4_9-2015q2/bin/../lib/gcc/arm-none-eabi/4.9.3/armv6-m/libgcc.a(mulsf3.o)
 .ARM.attributes
                0x0000088b       0x2c /home/adam/AnalogSensorModule-Firmware/Motate/Tools/linux/gcc-arm-none-eabi-4_9-2015q2/bin/../lib/gcc/arm-none-eabi/4.9.3/armv6-m/libgcc.a(subsf3.o)
 .ARM.attributes
                0x000008b7       0x2c /home/adam/AnalogSensorModule-Firmware/Motate/Tools/linux/gcc-arm-none-eabi-4_9-2015q2/bin/../lib/gcc/arm-none-eabi/4.9.3/armv6-m/libgcc.a(fixsfsi.o)
 .ARM.attributes
                0x000008e3       0x2c /home/adam/AnalogSensorModule-Firmware/Motate/Tools/linux/gcc-arm-none-eabi-4_9-2015q2/bin/../lib/gcc/arm-none-eabi/4.9.3/armv6-m/libgcc.a(floatsisf.o)
 .ARM.attributes
                0x0000090f       0x2c /home/adam/AnalogSensorModule-Firmware/Motate/Tools/linux/gcc-arm-none-eabi-4_9-2015q2/bin/../lib/gcc/arm-none-eabi/4.9.3/armv6-m/libgcc.a(extendsfdf2.o)
 .ARM.attributes
                0x0000093b       0x2c /home/adam/AnalogSensorModule-Firmware/Motate/Tools/linux/gcc-arm-none-eabi-4_9-2015q2/bin/../lib/gcc/arm-none-eabi/4.9.3/armv6-m/libgcc.a(truncdfsf2.o)
 .ARM.attributes
                0x00000967       0x1e /home/adam/AnalogSensorModule-Firmware/Motate/Tools/linux/gcc-arm-none-eabi-4_9-2015q2/bin/../lib/gcc/arm-none-eabi/4.9.3/armv6-m/libgcc.a(_clzsi2.o)

/DISCARD/
 *(.note.GNU-stack)
OUTPUT(bin/FRDM-KL05Z/UARTDemo.elf elf32-littlearm)

.debug_ranges   0x00000000      0x930
 .debug_ranges  0x00000000       0x88 build/FRDM-KL05Z/motate/Freescale_klxx/KL05ZTimers.o
 .debug_ranges  0x00000088       0x20 build/FRDM-KL05Z/motate/Freescale_klxx/KL05ZPins.o
 .debug_ranges  0x000000a8       0x18 build/FRDM-KL05Z/motate/Freescale_klxx/KL05ZUART.o
 .debug_ranges  0x000000c0       0x80 build/FRDM-KL05Z/motate/platform/freescale_klxx/syscalls.o
 .debug_ranges  0x00000140       0x18 build/FRDM-KL05Z/motate/cmsis/TARGET_Freescale/TARGET_KLXX/TARGET_KL05Z/cmsis_nvic.o
 .debug_ranges  0x00000158       0x18 build/FRDM-KL05Z/motate/cmsis/TARGET_Freescale/TARGET_KLXX/TARGET_KL05Z/system_MKL05Z4.o
 .debug_ranges  0x00000170       0x48 build/FRDM-KL05Z/motate/MotateJSON.o
 .debug_ranges  0x000001b8       0x58 build/FRDM-KL05Z/motate/MotateUtilities.o
 .debug_ranges  0x00000210       0x28 build/FRDM-KL05Z/motate/main.o
 .debug_ranges  0x00000238      0x6d8 build/FRDM-KL05Z/./buffered_uart_demo.o
 .debug_ranges  0x00000910       0x20 build/FRDM-KL05Z/motate/cmsis/TARGET_Freescale/TARGET_KLXX/TARGET_KL05Z/TOOLCHAIN_GCC_ARM/startup_MKL05Z4.o

.debug_macro    0x00000000     0x83d4
 .debug_macro   0x00000000       0xa4 build/FRDM-KL05Z/motate/Freescale_klxx/KL05ZTimers.o
 .debug_macro   0x000000a4      0x8e0 build/FRDM-KL05Z/motate/Freescale_klxx/KL05ZTimers.o
 .debug_macro   0x00000984       0x34 build/FRDM-KL05Z/motate/Freescale_klxx/KL05ZTimers.o
 .debug_macro   0x000009b8       0x3a build/FRDM-KL05Z/motate/Freescale_klxx/KL05ZTimers.o
 .debug_macro   0x000009f2       0x1c build/FRDM-KL05Z/motate/Freescale_klxx/KL05ZTimers.o
 .debug_macro   0x00000a0e       0x22 build/FRDM-KL05Z/motate/Freescale_klxx/KL05ZTimers.o
 .debug_macro   0x00000a30       0x44 build/FRDM-KL05Z/motate/Freescale_klxx/KL05ZTimers.o
 .debug_macro   0x00000a74       0x58 build/FRDM-KL05Z/motate/Freescale_klxx/KL05ZTimers.o
 .debug_macro   0x00000acc       0x22 build/FRDM-KL05Z/motate/Freescale_klxx/KL05ZTimers.o
 .debug_macro   0x00000aee      0x1df build/FRDM-KL05Z/motate/Freescale_klxx/KL05ZTimers.o
 .debug_macro   0x00000ccd       0x1f build/FRDM-KL05Z/motate/Freescale_klxx/KL05ZTimers.o
 .debug_macro   0x00000cec      0x250 build/FRDM-KL05Z/motate/Freescale_klxx/KL05ZTimers.o
 .debug_macro   0x00000f3c     0x3104 build/FRDM-KL05Z/motate/Freescale_klxx/KL05ZTimers.o
 .debug_macro   0x00004040       0x12 build/FRDM-KL05Z/motate/Freescale_klxx/KL05ZTimers.o
 .debug_macro   0x00004052      0x1c4 build/FRDM-KL05Z/motate/Freescale_klxx/KL05ZPins.o
 .debug_macro   0x00004216       0xef build/FRDM-KL05Z/motate/Freescale_klxx/KL05ZPins.o
 .debug_macro   0x00004305      0x330 build/FRDM-KL05Z/motate/Freescale_klxx/KL05ZPins.o
 .debug_macro   0x00004635       0x2d build/FRDM-KL05Z/motate/Freescale_klxx/KL05ZPins.o
 .debug_macro   0x00004662       0x28 build/FRDM-KL05Z/motate/Freescale_klxx/KL05ZPins.o
 .debug_macro   0x0000468a       0x12 build/FRDM-KL05Z/motate/Freescale_klxx/KL05ZPins.o
 .debug_macro   0x0000469c       0x19 build/FRDM-KL05Z/motate/Freescale_klxx/KL05ZPins.o
 .debug_macro   0x000046b5       0x51 build/FRDM-KL05Z/motate/Freescale_klxx/KL05ZPins.o
 .debug_macro   0x00004706       0x58 build/FRDM-KL05Z/motate/Freescale_klxx/KL05ZPins.o
 .debug_macro   0x0000475e       0x35 build/FRDM-KL05Z/motate/Freescale_klxx/KL05ZPins.o
 .debug_macro   0x00004793       0x82 build/FRDM-KL05Z/motate/Freescale_klxx/KL05ZPins.o
 .debug_macro   0x00004815      0x3fa build/FRDM-KL05Z/motate/Freescale_klxx/KL05ZPins.o
 .debug_macro   0x00004c0f       0x18 build/FRDM-KL05Z/motate/Freescale_klxx/KL05ZPins.o
 .debug_macro   0x00004c27       0x2e build/FRDM-KL05Z/motate/Freescale_klxx/KL05ZPins.o
 .debug_macro   0x00004c55      0x559 build/FRDM-KL05Z/motate/Freescale_klxx/KL05ZUART.o
 .debug_macro   0x000051ae       0x4a build/FRDM-KL05Z/motate/Freescale_klxx/KL05ZUART.o
 .debug_macro   0x000051f8       0x1c build/FRDM-KL05Z/motate/Freescale_klxx/KL05ZUART.o
 .debug_macro   0x00005214       0x6e build/FRDM-KL05Z/motate/Freescale_klxx/KL05ZUART.o
 .debug_macro   0x00005282       0x82 build/FRDM-KL05Z/motate/Freescale_klxx/KL05ZUART.o
 .debug_macro   0x00005304       0x12 build/FRDM-KL05Z/motate/Freescale_klxx/KL05ZUART.o
 .debug_macro   0x00005316       0x19 build/FRDM-KL05Z/motate/Freescale_klxx/KL05ZUART.o
 .debug_macro   0x0000532f       0xa2 build/FRDM-KL05Z/motate/Freescale_klxx/KL05ZUART.o
 .debug_macro   0x000053d1       0x16 build/FRDM-KL05Z/motate/Freescale_klxx/KL05ZUART.o
 .debug_macro   0x000053e7       0x9e build/FRDM-KL05Z/motate/Freescale_klxx/KL05ZUART.o
 .debug_macro   0x00005485       0x8d build/FRDM-KL05Z/motate/Freescale_klxx/KL05ZUART.o
 .debug_macro   0x00005512       0x52 build/FRDM-KL05Z/motate/Freescale_klxx/KL05ZUART.o
 .debug_macro   0x00005564       0x16 build/FRDM-KL05Z/motate/Freescale_klxx/KL05ZUART.o
 .debug_macro   0x0000557a       0x43 build/FRDM-KL05Z/motate/Freescale_klxx/KL05ZUART.o
 .debug_macro   0x000055bd      0x180 build/FRDM-KL05Z/motate/Freescale_klxx/KL05ZUART.o
 .debug_macro   0x0000573d      0x2a4 build/FRDM-KL05Z/motate/Freescale_klxx/KL05ZUART.o
 .debug_macro   0x000059e1       0x16 build/FRDM-KL05Z/motate/Freescale_klxx/KL05ZUART.o
 .debug_macro   0x000059f7       0x29 build/FRDM-KL05Z/motate/Freescale_klxx/KL05ZUART.o
 .debug_macro   0x00005a20       0xac build/FRDM-KL05Z/motate/Freescale_klxx/KL05ZUART.o
 .debug_macro   0x00005acc       0x46 build/FRDM-KL05Z/motate/Freescale_klxx/KL05ZUART.o
 .debug_macro   0x00005b12       0x11 build/FRDM-KL05Z/motate/Freescale_klxx/KL05ZUART.o
 .debug_macro   0x00005b23      0x1da build/FRDM-KL05Z/motate/Freescale_klxx/KL05ZUART.o
 .debug_macro   0x00005cfd      0x3cd build/FRDM-KL05Z/motate/Freescale_klxx/KL05ZUART.o
 .debug_macro   0x000060ca       0x22 build/FRDM-KL05Z/motate/Freescale_klxx/KL05ZUART.o
 .debug_macro   0x000060ec       0x3c build/FRDM-KL05Z/motate/Freescale_klxx/KL05ZUART.o
 .debug_macro   0x00006128       0x10 build/FRDM-KL05Z/motate/Freescale_klxx/KL05ZUART.o
 .debug_macro   0x00006138       0x39 build/FRDM-KL05Z/motate/Freescale_klxx/KL05ZUART.o
 .debug_macro   0x00006171      0x15e build/FRDM-KL05Z/motate/Freescale_klxx/KL05ZUART.o
 .debug_macro   0x000062cf       0x10 build/FRDM-KL05Z/motate/Freescale_klxx/KL05ZUART.o
 .debug_macro   0x000062df       0x35 build/FRDM-KL05Z/motate/Freescale_klxx/KL05ZUART.o
 .debug_macro   0x00006314       0x2e build/FRDM-KL05Z/motate/Freescale_klxx/KL05ZUART.o
 .debug_macro   0x00006342       0x16 build/FRDM-KL05Z/motate/Freescale_klxx/KL05ZUART.o
 .debug_macro   0x00006358       0x52 build/FRDM-KL05Z/motate/Freescale_klxx/KL05ZUART.o
 .debug_macro   0x000063aa       0x5e build/FRDM-KL05Z/motate/Freescale_klxx/KL05ZUART.o
 .debug_macro   0x00006408       0x11 build/FRDM-KL05Z/motate/Freescale_klxx/KL05ZUART.o
 .debug_macro   0x00006419       0x11 build/FRDM-KL05Z/motate/Freescale_klxx/KL05ZUART.o
 .debug_macro   0x0000642a       0x2f build/FRDM-KL05Z/motate/Freescale_klxx/KL05ZUART.o
 .debug_macro   0x00006459       0x10 build/FRDM-KL05Z/motate/Freescale_klxx/KL05ZUART.o
 .debug_macro   0x00006469       0x10 build/FRDM-KL05Z/motate/Freescale_klxx/KL05ZUART.o
 .debug_macro   0x00006479       0xd9 build/FRDM-KL05Z/motate/Freescale_klxx/KL05ZUART.o
 .debug_macro   0x00006552      0x16d build/FRDM-KL05Z/motate/platform/freescale_klxx/syscalls.o
 .debug_macro   0x000066bf       0x9c build/FRDM-KL05Z/motate/platform/freescale_klxx/syscalls.o
 .debug_macro   0x0000675b       0x16 build/FRDM-KL05Z/motate/platform/freescale_klxx/syscalls.o
 .debug_macro   0x00006771       0x97 build/FRDM-KL05Z/motate/platform/freescale_klxx/syscalls.o
 .debug_macro   0x00006808       0xfd build/FRDM-KL05Z/motate/platform/freescale_klxx/syscalls.o
 .debug_macro   0x00006905       0x10 build/FRDM-KL05Z/motate/platform/freescale_klxx/syscalls.o
 .debug_macro   0x00006915       0x22 build/FRDM-KL05Z/motate/platform/freescale_klxx/syscalls.o
 .debug_macro   0x00006937       0xbe build/FRDM-KL05Z/motate/platform/freescale_klxx/syscalls.o
 .debug_macro   0x000069f5       0x16 build/FRDM-KL05Z/motate/platform/freescale_klxx/syscalls.o
 .debug_macro   0x00006a0b      0x197 build/FRDM-KL05Z/motate/platform/freescale_klxx/syscalls.o
 .debug_macro   0x00006ba2       0x52 build/FRDM-KL05Z/motate/platform/freescale_klxx/syscalls.o
 .debug_macro   0x00006bf4       0x16 build/FRDM-KL05Z/motate/platform/freescale_klxx/syscalls.o
 .debug_macro   0x00006c0a       0x10 build/FRDM-KL05Z/motate/platform/freescale_klxx/syscalls.o
 .debug_macro   0x00006c1a       0x10 build/FRDM-KL05Z/motate/platform/freescale_klxx/syscalls.o
 .debug_macro   0x00006c2a       0x10 build/FRDM-KL05Z/motate/platform/freescale_klxx/syscalls.o
 .debug_macro   0x00006c3a       0x35 build/FRDM-KL05Z/motate/platform/freescale_klxx/syscalls.o
 .debug_macro   0x00006c6f      0x122 build/FRDM-KL05Z/motate/platform/freescale_klxx/syscalls.o
 .debug_macro   0x00006d91       0xb9 build/FRDM-KL05Z/motate/cmsis/TARGET_Freescale/TARGET_KLXX/TARGET_KL05Z/cmsis_nvic.o
 .debug_macro   0x00006e4a      0x856 build/FRDM-KL05Z/motate/cmsis/TARGET_Freescale/TARGET_KLXX/TARGET_KL05Z/cmsis_nvic.o
 .debug_macro   0x000076a0      0x250 build/FRDM-KL05Z/motate/cmsis/TARGET_Freescale/TARGET_KLXX/TARGET_KL05Z/cmsis_nvic.o
 .debug_macro   0x000078f0       0x10 build/FRDM-KL05Z/motate/cmsis/TARGET_Freescale/TARGET_KLXX/TARGET_KL05Z/cmsis_nvic.o
 .debug_macro   0x00007900       0xb4 build/FRDM-KL05Z/motate/cmsis/TARGET_Freescale/TARGET_KLXX/TARGET_KL05Z/system_MKL05Z4.o
 .debug_macro   0x000079b4      0x18d build/FRDM-KL05Z/motate/MotateJSON.o
 .debug_macro   0x00007b41      0x189 build/FRDM-KL05Z/motate/MotateUtilities.o
 .debug_macro   0x00007cca      0x19d build/FRDM-KL05Z/motate/main.o
 .debug_macro   0x00007e67      0x56d build/FRDM-KL05Z/./buffered_uart_demo.o

.comment        0x00000000       0x70
 .comment       0x00000000       0x70 build/FRDM-KL05Z/motate/Freescale_klxx/KL05ZTimers.o
                                 0x71 (size before relaxing)
 .comment       0x00000000       0x71 build/FRDM-KL05Z/motate/Freescale_klxx/KL05ZPins.o
 .comment       0x00000000       0x71 build/FRDM-KL05Z/motate/Freescale_klxx/KL05ZUART.o
 .comment       0x00000000       0x71 build/FRDM-KL05Z/motate/platform/freescale_klxx/syscalls.o
 .comment       0x00000000       0x71 build/FRDM-KL05Z/motate/cmsis/TARGET_Freescale/TARGET_KLXX/TARGET_KL05Z/cmsis_nvic.o
 .comment       0x00000000       0x71 build/FRDM-KL05Z/motate/cmsis/TARGET_Freescale/TARGET_KLXX/TARGET_KL05Z/system_MKL05Z4.o
 .comment       0x00000000       0x71 build/FRDM-KL05Z/motate/MotateJSON.o
 .comment       0x00000000       0x71 build/FRDM-KL05Z/motate/MotateUtilities.o
 .comment       0x00000000       0x71 build/FRDM-KL05Z/motate/main.o
 .comment       0x00000000       0x71 build/FRDM-KL05Z/./buffered_uart_demo.o

Cross Reference Table

Symbol                                            File
ADC0_IRQHandler                                   build/FRDM-KL05Z/motate/cmsis/TARGET_Freescale/TARGET_KLXX/TARGET_KL05Z/TOOLCHAIN_GCC_ARM/startup_MKL05Z4.o
CMP0_IRQHandler                                   build/FRDM-KL05Z/motate/cmsis/TARGET_Freescale/TARGET_KLXX/TARGET_KL05Z/TOOLCHAIN_GCC_ARM/startup_MKL05Z4.o
DAC0_IRQHandler                                   build/FRDM-KL05Z/motate/cmsis/TARGET_Freescale/TARGET_KLXX/TARGET_KL05Z/TOOLCHAIN_GCC_ARM/startup_MKL05Z4.o
DEF_IRQHandler                                    build/FRDM-KL05Z/motate/cmsis/TARGET_Freescale/TARGET_KLXX/TARGET_KL05Z/TOOLCHAIN_GCC_ARM/startup_MKL05Z4.o
DMA0_IRQHandler                                   build/FRDM-KL05Z/motate/cmsis/TARGET_Freescale/TARGET_KLXX/TARGET_KL05Z/TOOLCHAIN_GCC_ARM/startup_MKL05Z4.o
DMA1_IRQHandler                                   build/FRDM-KL05Z/motate/cmsis/TARGET_Freescale/TARGET_KLXX/TARGET_KL05Z/TOOLCHAIN_GCC_ARM/startup_MKL05Z4.o
DMA2_IRQHandler                                   build/FRDM-KL05Z/motate/cmsis/TARGET_Freescale/TARGET_KLXX/TARGET_KL05Z/TOOLCHAIN_GCC_ARM/startup_MKL05Z4.o
DMA3_IRQHandler                                   build/FRDM-KL05Z/motate/cmsis/TARGET_Freescale/TARGET_KLXX/TARGET_KL05Z/TOOLCHAIN_GCC_ARM/startup_MKL05Z4.o
Default_Handler                                   build/FRDM-KL05Z/motate/cmsis/TARGET_Freescale/TARGET_KLXX/TARGET_KL05Z/TOOLCHAIN_GCC_ARM/startup_MKL05Z4.o
FTFA_IRQHandler                                   build/FRDM-KL05Z/motate/cmsis/TARGET_Freescale/TARGET_KLXX/TARGET_KL05Z/TOOLCHAIN_GCC_ARM/startup_MKL05Z4.o
HardFault_Handler                                 build/FRDM-KL05Z/motate/cmsis/TARGET_Freescale/TARGET_KLXX/TARGET_KL05Z/TOOLCHAIN_GCC_ARM/startup_MKL05Z4.o
I2C0_IRQHandler                                   build/FRDM-KL05Z/motate/cmsis/TARGET_Freescale/TARGET_KLXX/TARGET_KL05Z/TOOLCHAIN_GCC_ARM/startup_MKL05Z4.o
LLW_IRQHandler                                    build/FRDM-KL05Z/motate/cmsis/TARGET_Freescale/TARGET_KLXX/TARGET_KL05Z/TOOLCHAIN_GCC_ARM/startup_MKL05Z4.o
LPTimer_IRQHandler                                build/FRDM-KL05Z/motate/cmsis/TARGET_Freescale/TARGET_KLXX/TARGET_KL05Z/TOOLCHAIN_GCC_ARM/startup_MKL05Z4.o
LVD_LVW_IRQHandler                                build/FRDM-KL05Z/motate/cmsis/TARGET_Freescale/TARGET_KLXX/TARGET_KL05Z/TOOLCHAIN_GCC_ARM/startup_MKL05Z4.o
MCG_IRQHandler                                    build/FRDM-KL05Z/motate/cmsis/TARGET_Freescale/TARGET_KLXX/TARGET_KL05Z/TOOLCHAIN_GCC_ARM/startup_MKL05Z4.o
Motate::Buffer<(unsigned short)128, char>::read() build/FRDM-KL05Z/./buffered_uart_demo.o
Motate::Buffer<(unsigned short)128, char>::write(char) build/FRDM-KL05Z/./buffered_uart_demo.o
Motate::BufferedUART<(signed char)0, (signed char)1, (signed char)2, (signed char)3, Motate::Buffer<(unsigned short)128, char>, Motate::Buffer<(unsigned short)128, char> >::write(char const*, unsigned short, bool) build/FRDM-KL05Z/./buffered_uart_demo.o
Motate::IRQPin<(signed char)0>::interrupt()       build/FRDM-KL05Z/motate/Freescale_klxx/KL05ZPins.o
Motate::IRQPin<(signed char)100>::interrupt()     build/FRDM-KL05Z/motate/Freescale_klxx/KL05ZPins.o
Motate::IRQPin<(signed char)101>::interrupt()     build/FRDM-KL05Z/motate/Freescale_klxx/KL05ZPins.o
Motate::IRQPin<(signed char)102>::interrupt()     build/FRDM-KL05Z/motate/Freescale_klxx/KL05ZPins.o
Motate::IRQPin<(signed char)103>::interrupt()     build/FRDM-KL05Z/motate/Freescale_klxx/KL05ZPins.o
Motate::IRQPin<(signed char)104>::interrupt()     build/FRDM-KL05Z/motate/Freescale_klxx/KL05ZPins.o
Motate::IRQPin<(signed char)11>::interrupt()      build/FRDM-KL05Z/motate/Freescale_klxx/KL05ZPins.o
Motate::IRQPin<(signed char)13>::interrupt()      build/FRDM-KL05Z/motate/Freescale_klxx/KL05ZPins.o
Motate::IRQPin<(signed char)14>::interrupt()      build/FRDM-KL05Z/motate/Freescale_klxx/KL05ZPins.o
Motate::IRQPin<(signed char)15>::interrupt()      build/FRDM-KL05Z/motate/Freescale_klxx/KL05ZPins.o
Motate::IRQPin<(signed char)19>::interrupt()      build/FRDM-KL05Z/motate/Freescale_klxx/KL05ZPins.o
Motate::IRQPin<(signed char)1>::interrupt()       build/FRDM-KL05Z/motate/Freescale_klxx/KL05ZPins.o
Motate::IRQPin<(signed char)2>::interrupt()       build/FRDM-KL05Z/motate/Freescale_klxx/KL05ZPins.o
Motate::IRQPin<(signed char)3>::IRQPin()          build/FRDM-KL05Z/./buffered_uart_demo.o
Motate::IRQPin<(signed char)3>::IRQPin()          build/FRDM-KL05Z/./buffered_uart_demo.o
Motate::IRQPin<(signed char)3>::interrupt()       build/FRDM-KL05Z/./buffered_uart_demo.o
                                                  build/FRDM-KL05Z/motate/Freescale_klxx/KL05ZPins.o
Motate::IRQPin<(signed char)4>::interrupt()       build/FRDM-KL05Z/./buffered_uart_demo.o
                                                  build/FRDM-KL05Z/motate/Freescale_klxx/KL05ZPins.o
Motate::IRQPin<(signed char)5>::interrupt()       build/FRDM-KL05Z/motate/Freescale_klxx/KL05ZPins.o
Motate::IRQPin<(signed char)6>::interrupt()       build/FRDM-KL05Z/motate/Freescale_klxx/KL05ZPins.o
Motate::IRQPin<(signed char)7>::interrupt()       build/FRDM-KL05Z/motate/Freescale_klxx/KL05ZPins.o
Motate::JSON::c_floattoa(float, char*, int, int)  build/FRDM-KL05Z/motate/MotateJSON.o
Motate::JSON::c_streq(char const*, char const*, unsigned int) build/FRDM-KL05Z/motate/MotateJSON.o
Motate::JSON::find_end_of_name(char*)             build/FRDM-KL05Z/motate/MotateJSON.o
Motate::JSON::find_end_of_str_(char*, int)        build/FRDM-KL05Z/motate/MotateJSON.o
Motate::OutputPin<(signed char)16>::OutputPin()   build/FRDM-KL05Z/./buffered_uart_demo.o
Motate::OutputPin<(signed char)16>::OutputPin()   build/FRDM-KL05Z/./buffered_uart_demo.o
Motate::OutputPin<(signed char)17>::OutputPin()   build/FRDM-KL05Z/./buffered_uart_demo.o
Motate::OutputPin<(signed char)17>::OutputPin()   build/FRDM-KL05Z/./buffered_uart_demo.o
Motate::OutputPin<(signed char)2>::OutputPin()    build/FRDM-KL05Z/./buffered_uart_demo.o
Motate::OutputPin<(signed char)2>::OutputPin()    build/FRDM-KL05Z/./buffered_uart_demo.o
Motate::Private::c_atof_int_(char*&, int)         build/FRDM-KL05Z/motate/MotateUtilities.o
Motate::Private::c_floattoa(float, char*, int, int) build/FRDM-KL05Z/motate/MotateUtilities.o
Motate::Serial                                    build/FRDM-KL05Z/./buffered_uart_demo.o
Motate::SysTickTimer                              build/FRDM-KL05Z/motate/Freescale_klxx/KL05ZTimers.o
Motate::Timer<(unsigned char)0>::interrupt()      build/FRDM-KL05Z/motate/Freescale_klxx/KL05ZTimers.o
Motate::Timer<(unsigned char)1>::interrupt()      build/FRDM-KL05Z/motate/Freescale_klxx/KL05ZTimers.o
Motate::Timer<(unsigned char)255>::_motateTickCount build/FRDM-KL05Z/motate/Freescale_klxx/KL05ZTimers.o
                                                  build/FRDM-KL05Z/./buffered_uart_demo.o
Motate::Timer<(unsigned char)255>::interrupt()    build/FRDM-KL05Z/motate/Freescale_klxx/KL05ZTimers.o
Motate::WatchDogTimer                             build/FRDM-KL05Z/motate/Freescale_klxx/KL05ZTimers.o
Motate::_BufferedUARTHardware<(unsigned char)0, (signed char)2, (signed char)3, Motate::Buffer<(unsigned short)128, char>, Motate::Buffer<(unsigned short)128, char> >::init() build/FRDM-KL05Z/./buffered_uart_demo.o
Motate::_BufferedUARTHardware<(unsigned char)0, (signed char)2, (signed char)3, Motate::Buffer<(unsigned short)128, char>, Motate::Buffer<(unsigned short)128, char> >::uartInterruptHandler(unsigned short) build/FRDM-KL05Z/./buffered_uart_demo.o
Motate::_BufferedUARTHardware<(unsigned char)0, (signed char)2, (signed char)3, Motate::Buffer<(unsigned short)128, char>, Motate::Buffer<(unsigned short)128, char> >::writeByte(unsigned char) build/FRDM-KL05Z/./buffered_uart_demo.o
Motate::_UARTHardware<(unsigned char)0>::getInterruptCause() build/FRDM-KL05Z/motate/Freescale_klxx/KL05ZUART.o
Motate::atof(char*&)                              build/FRDM-KL05Z/motate/MotateUtilities.o
Motate::streq(char const*, char const*, unsigned int) build/FRDM-KL05Z/motate/MotateUtilities.o
Motate::strlen(char const*)                       build/FRDM-KL05Z/motate/MotateUtilities.o
Motate::strncpy(char*, char const*, int)          build/FRDM-KL05Z/motate/MotateUtilities.o
Motate::uart0HardwareProxy                        build/FRDM-KL05Z/motate/Freescale_klxx/KL05ZUART.o
                                                  build/FRDM-KL05Z/./buffered_uart_demo.o
NMI_Handler                                       build/FRDM-KL05Z/motate/cmsis/TARGET_Freescale/TARGET_KLXX/TARGET_KL05Z/TOOLCHAIN_GCC_ARM/startup_MKL05Z4.o
NVIC_GetVector                                    build/FRDM-KL05Z/motate/cmsis/TARGET_Freescale/TARGET_KLXX/TARGET_KL05Z/cmsis_nvic.o
NVIC_SetVector                                    build/FRDM-KL05Z/motate/cmsis/TARGET_Freescale/TARGET_KLXX/TARGET_KL05Z/cmsis_nvic.o
PIT_IRQHandler                                    build/FRDM-KL05Z/motate/cmsis/TARGET_Freescale/TARGET_KLXX/TARGET_KL05Z/TOOLCHAIN_GCC_ARM/startup_MKL05Z4.o
PORTA_IRQHandler                                  build/FRDM-KL05Z/motate/Freescale_klxx/KL05ZPins.o
PORTB_IRQHandler                                  build/FRDM-KL05Z/motate/Freescale_klxx/KL05ZPins.o
PendSV_Handler                                    build/FRDM-KL05Z/motate/cmsis/TARGET_Freescale/TARGET_KLXX/TARGET_KL05Z/TOOLCHAIN_GCC_ARM/startup_MKL05Z4.o
RTC_IRQHandler                                    build/FRDM-KL05Z/motate/cmsis/TARGET_Freescale/TARGET_KLXX/TARGET_KL05Z/TOOLCHAIN_GCC_ARM/startup_MKL05Z4.o
RTC_Seconds_IRQHandler                            build/FRDM-KL05Z/motate/cmsis/TARGET_Freescale/TARGET_KLXX/TARGET_KL05Z/TOOLCHAIN_GCC_ARM/startup_MKL05Z4.o
Reset_Handler                                     build/FRDM-KL05Z/motate/cmsis/TARGET_Freescale/TARGET_KLXX/TARGET_KL05Z/TOOLCHAIN_GCC_ARM/startup_MKL05Z4.o
SPI0_IRQHandler                                   build/FRDM-KL05Z/motate/cmsis/TARGET_Freescale/TARGET_KLXX/TARGET_KL05Z/TOOLCHAIN_GCC_ARM/startup_MKL05Z4.o
SVC_Handler                                       build/FRDM-KL05Z/motate/cmsis/TARGET_Freescale/TARGET_KLXX/TARGET_KL05Z/TOOLCHAIN_GCC_ARM/startup_MKL05Z4.o
SysTick_Handler                                   build/FRDM-KL05Z/motate/Freescale_klxx/KL05ZTimers.o
SystemCoreClock                                   build/FRDM-KL05Z/motate/cmsis/TARGET_Freescale/TARGET_KLXX/TARGET_KL05Z/system_MKL05Z4.o
                                                  build/FRDM-KL05Z/./buffered_uart_demo.o
                                                  build/FRDM-KL05Z/motate/Freescale_klxx/KL05ZTimers.o
SystemCoreClockUpdate                             build/FRDM-KL05Z/motate/cmsis/TARGET_Freescale/TARGET_KLXX/TARGET_KL05Z/system_MKL05Z4.o
SystemInit                                        build/FRDM-KL05Z/motate/cmsis/TARGET_Freescale/TARGET_KLXX/TARGET_KL05Z/system_MKL05Z4.o
                                                  build/FRDM-KL05Z/motate/cmsis/TARGET_Freescale/TARGET_KLXX/TARGET_KL05Z/TOOLCHAIN_GCC_ARM/startup_MKL05Z4.o
                                                  build/FRDM-KL05Z/motate/main.o
TPM0_IRQHandler                                   build/FRDM-KL05Z/motate/Freescale_klxx/KL05ZTimers.o
TPM1_IRQHandler                                   build/FRDM-KL05Z/motate/Freescale_klxx/KL05ZTimers.o
TSI0_IRQHandler                                   build/FRDM-KL05Z/motate/cmsis/TARGET_Freescale/TARGET_KLXX/TARGET_KL05Z/TOOLCHAIN_GCC_ARM/startup_MKL05Z4.o
UART0_IRQHandler                                  build/FRDM-KL05Z/motate/Freescale_klxx/KL05ZUART.o
__HEAP_SIZE                                       build/FRDM-KL05Z/motate/cmsis/TARGET_Freescale/TARGET_KLXX/TARGET_KL05Z/TOOLCHAIN_GCC_ARM/startup_MKL05Z4.o
__HeapBase                                        build/FRDM-KL05Z/motate/cmsis/TARGET_Freescale/TARGET_KLXX/TARGET_KL05Z/TOOLCHAIN_GCC_ARM/startup_MKL05Z4.o
__HeapLimit                                       build/FRDM-KL05Z/motate/cmsis/TARGET_Freescale/TARGET_KLXX/TARGET_KL05Z/TOOLCHAIN_GCC_ARM/startup_MKL05Z4.o
__STACK_SIZE                                      build/FRDM-KL05Z/motate/cmsis/TARGET_Freescale/TARGET_KLXX/TARGET_KL05Z/TOOLCHAIN_GCC_ARM/startup_MKL05Z4.o
__StackLimit                                      build/FRDM-KL05Z/motate/cmsis/TARGET_Freescale/TARGET_KLXX/TARGET_KL05Z/TOOLCHAIN_GCC_ARM/startup_MKL05Z4.o
__StackTop                                        build/FRDM-KL05Z/motate/cmsis/TARGET_Freescale/TARGET_KLXX/TARGET_KL05Z/TOOLCHAIN_GCC_ARM/startup_MKL05Z4.o
__aeabi_cfcmpeq                                   /home/adam/AnalogSensorModule-Firmware/Motate/Tools/linux/gcc-arm-none-eabi-4_9-2015q2/bin/../lib/gcc/arm-none-eabi/4.9.3/armv6-m/libgcc.a(_arm_cmpsf2.o)
__aeabi_cfcmple                                   /home/adam/AnalogSensorModule-Firmware/Motate/Tools/linux/gcc-arm-none-eabi-4_9-2015q2/bin/../lib/gcc/arm-none-eabi/4.9.3/armv6-m/libgcc.a(_arm_cmpsf2.o)
__aeabi_cfrcmple                                  /home/adam/AnalogSensorModule-Firmware/Motate/Tools/linux/gcc-arm-none-eabi-4_9-2015q2/bin/../lib/gcc/arm-none-eabi/4.9.3/armv6-m/libgcc.a(_arm_cmpsf2.o)
__aeabi_d2f                                       /home/adam/AnalogSensorModule-Firmware/Motate/Tools/linux/gcc-arm-none-eabi-4_9-2015q2/bin/../lib/gcc/arm-none-eabi/4.9.3/armv6-m/libgcc.a(truncdfsf2.o)
                                                  build/FRDM-KL05Z/motate/MotateUtilities.o
__aeabi_f2d                                       /home/adam/AnalogSensorModule-Firmware/Motate/Tools/linux/gcc-arm-none-eabi-4_9-2015q2/bin/../lib/gcc/arm-none-eabi/4.9.3/armv6-m/libgcc.a(extendsfdf2.o)
                                                  build/FRDM-KL05Z/motate/MotateUtilities.o
__aeabi_f2iz                                      /home/adam/AnalogSensorModule-Firmware/Motate/Tools/linux/gcc-arm-none-eabi-4_9-2015q2/bin/../lib/gcc/arm-none-eabi/4.9.3/armv6-m/libgcc.a(fixsfsi.o)
                                                  build/FRDM-KL05Z/motate/MotateUtilities.o
                                                  build/FRDM-KL05Z/motate/MotateJSON.o
__aeabi_fadd                                      /home/adam/AnalogSensorModule-Firmware/Motate/Tools/linux/gcc-arm-none-eabi-4_9-2015q2/bin/../lib/gcc/arm-none-eabi/4.9.3/armv6-m/libgcc.a(addsf3.o)
                                                  build/FRDM-KL05Z/motate/MotateUtilities.o
                                                  build/FRDM-KL05Z/motate/MotateJSON.o
__aeabi_fcmpeq                                    /home/adam/AnalogSensorModule-Firmware/Motate/Tools/linux/gcc-arm-none-eabi-4_9-2015q2/bin/../lib/gcc/arm-none-eabi/4.9.3/armv6-m/libgcc.a(_arm_cmpsf2.o)
__aeabi_fcmpge                                    /home/adam/AnalogSensorModule-Firmware/Motate/Tools/linux/gcc-arm-none-eabi-4_9-2015q2/bin/../lib/gcc/arm-none-eabi/4.9.3/armv6-m/libgcc.a(_arm_cmpsf2.o)
__aeabi_fcmpgt                                    /home/adam/AnalogSensorModule-Firmware/Motate/Tools/linux/gcc-arm-none-eabi-4_9-2015q2/bin/../lib/gcc/arm-none-eabi/4.9.3/armv6-m/libgcc.a(_arm_cmpsf2.o)
__aeabi_fcmple                                    /home/adam/AnalogSensorModule-Firmware/Motate/Tools/linux/gcc-arm-none-eabi-4_9-2015q2/bin/../lib/gcc/arm-none-eabi/4.9.3/armv6-m/libgcc.a(_arm_cmpsf2.o)
__aeabi_fcmplt                                    /home/adam/AnalogSensorModule-Firmware/Motate/Tools/linux/gcc-arm-none-eabi-4_9-2015q2/bin/../lib/gcc/arm-none-eabi/4.9.3/armv6-m/libgcc.a(_arm_cmpsf2.o)
                                                  build/FRDM-KL05Z/motate/MotateUtilities.o
                                                  build/FRDM-KL05Z/motate/MotateJSON.o
__aeabi_fdiv                                      /home/adam/AnalogSensorModule-Firmware/Motate/Tools/linux/gcc-arm-none-eabi-4_9-2015q2/bin/../lib/gcc/arm-none-eabi/4.9.3/armv6-m/libgcc.a(divsf3.o)
                                                  build/FRDM-KL05Z/motate/MotateUtilities.o
__aeabi_fmul                                      /home/adam/AnalogSensorModule-Firmware/Motate/Tools/linux/gcc-arm-none-eabi-4_9-2015q2/bin/../lib/gcc/arm-none-eabi/4.9.3/armv6-m/libgcc.a(mulsf3.o)
                                                  build/FRDM-KL05Z/motate/MotateUtilities.o
                                                  build/FRDM-KL05Z/motate/MotateJSON.o
__aeabi_fsub                                      /home/adam/AnalogSensorModule-Firmware/Motate/Tools/linux/gcc-arm-none-eabi-4_9-2015q2/bin/../lib/gcc/arm-none-eabi/4.9.3/armv6-m/libgcc.a(subsf3.o)
                                                  build/FRDM-KL05Z/motate/MotateUtilities.o
                                                  build/FRDM-KL05Z/motate/MotateJSON.o
__aeabi_i2f                                       /home/adam/AnalogSensorModule-Firmware/Motate/Tools/linux/gcc-arm-none-eabi-4_9-2015q2/bin/../lib/gcc/arm-none-eabi/4.9.3/armv6-m/libgcc.a(floatsisf.o)
                                                  build/FRDM-KL05Z/motate/MotateUtilities.o
                                                  build/FRDM-KL05Z/motate/MotateJSON.o
__aeabi_idiv                                      /home/adam/AnalogSensorModule-Firmware/Motate/Tools/linux/gcc-arm-none-eabi-4_9-2015q2/bin/../lib/gcc/arm-none-eabi/4.9.3/armv6-m/libgcc.a(_divsi3.o)
                                                  /home/adam/AnalogSensorModule-Firmware/Motate/Tools/linux/gcc-arm-none-eabi-4_9-2015q2/bin/../lib/gcc/arm-none-eabi/4.9.3/../../../../arm-none-eabi/lib/armv6-m/libc_nano.a(lib_a-fvwrite.o)
                                                  build/FRDM-KL05Z/motate/MotateUtilities.o
                                                  build/FRDM-KL05Z/motate/MotateJSON.o
__aeabi_idiv0                                     /home/adam/AnalogSensorModule-Firmware/Motate/Tools/linux/gcc-arm-none-eabi-4_9-2015q2/bin/../lib/gcc/arm-none-eabi/4.9.3/armv6-m/libgcc.a(_dvmd_tls.o)
                                                  /home/adam/AnalogSensorModule-Firmware/Motate/Tools/linux/gcc-arm-none-eabi-4_9-2015q2/bin/../lib/gcc/arm-none-eabi/4.9.3/armv6-m/libgcc.a(_divsi3.o)
                                                  /home/adam/AnalogSensorModule-Firmware/Motate/Tools/linux/gcc-arm-none-eabi-4_9-2015q2/bin/../lib/gcc/arm-none-eabi/4.9.3/armv6-m/libgcc.a(_udivsi3.o)
__aeabi_idivmod                                   /home/adam/AnalogSensorModule-Firmware/Motate/Tools/linux/gcc-arm-none-eabi-4_9-2015q2/bin/../lib/gcc/arm-none-eabi/4.9.3/armv6-m/libgcc.a(_divsi3.o)
__aeabi_ldiv0                                     /home/adam/AnalogSensorModule-Firmware/Motate/Tools/linux/gcc-arm-none-eabi-4_9-2015q2/bin/../lib/gcc/arm-none-eabi/4.9.3/armv6-m/libgcc.a(_dvmd_tls.o)
__aeabi_uidiv                                     /home/adam/AnalogSensorModule-Firmware/Motate/Tools/linux/gcc-arm-none-eabi-4_9-2015q2/bin/../lib/gcc/arm-none-eabi/4.9.3/armv6-m/libgcc.a(_udivsi3.o)
                                                  /home/adam/AnalogSensorModule-Firmware/Motate/Tools/linux/gcc-arm-none-eabi-4_9-2015q2/bin/../lib/gcc/arm-none-eabi/4.9.3/../../../../arm-none-eabi/lib/armv6-m/libc_nano.a(lib_a-nano-vfprintf_i.o)
                                                  build/FRDM-KL05Z/./buffered_uart_demo.o
                                                  build/FRDM-KL05Z/motate/cmsis/TARGET_Freescale/TARGET_KLXX/TARGET_KL05Z/system_MKL05Z4.o
                                                  build/FRDM-KL05Z/motate/Freescale_klxx/KL05ZTimers.o
__aeabi_uidivmod                                  /home/adam/AnalogSensorModule-Firmware/Motate/Tools/linux/gcc-arm-none-eabi-4_9-2015q2/bin/../lib/gcc/arm-none-eabi/4.9.3/armv6-m/libgcc.a(_udivsi3.o)
                                                  /home/adam/AnalogSensorModule-Firmware/Motate/Tools/linux/gcc-arm-none-eabi-4_9-2015q2/bin/../lib/gcc/arm-none-eabi/4.9.3/../../../../arm-none-eabi/lib/armv6-m/libc_nano.a(lib_a-nano-vfprintf_i.o)
__clzsi2                                          /home/adam/AnalogSensorModule-Firmware/Motate/Tools/linux/gcc-arm-none-eabi-4_9-2015q2/bin/../lib/gcc/arm-none-eabi/4.9.3/armv6-m/libgcc.a(_clzsi2.o)
                                                  /home/adam/AnalogSensorModule-Firmware/Motate/Tools/linux/gcc-arm-none-eabi-4_9-2015q2/bin/../lib/gcc/arm-none-eabi/4.9.3/armv6-m/libgcc.a(extendsfdf2.o)
                                                  /home/adam/AnalogSensorModule-Firmware/Motate/Tools/linux/gcc-arm-none-eabi-4_9-2015q2/bin/../lib/gcc/arm-none-eabi/4.9.3/armv6-m/libgcc.a(floatsisf.o)
                                                  /home/adam/AnalogSensorModule-Firmware/Motate/Tools/linux/gcc-arm-none-eabi-4_9-2015q2/bin/../lib/gcc/arm-none-eabi/4.9.3/armv6-m/libgcc.a(subsf3.o)
                                                  /home/adam/AnalogSensorModule-Firmware/Motate/Tools/linux/gcc-arm-none-eabi-4_9-2015q2/bin/../lib/gcc/arm-none-eabi/4.9.3/armv6-m/libgcc.a(mulsf3.o)
                                                  /home/adam/AnalogSensorModule-Firmware/Motate/Tools/linux/gcc-arm-none-eabi-4_9-2015q2/bin/../lib/gcc/arm-none-eabi/4.9.3/armv6-m/libgcc.a(divsf3.o)
                                                  /home/adam/AnalogSensorModule-Firmware/Motate/Tools/linux/gcc-arm-none-eabi-4_9-2015q2/bin/../lib/gcc/arm-none-eabi/4.9.3/armv6-m/libgcc.a(addsf3.o)
__data_end__                                      build/FRDM-KL05Z/motate/cmsis/TARGET_Freescale/TARGET_KLXX/TARGET_KL05Z/TOOLCHAIN_GCC_ARM/startup_MKL05Z4.o
__data_start__                                    build/FRDM-KL05Z/motate/cmsis/TARGET_Freescale/TARGET_KLXX/TARGET_KL05Z/TOOLCHAIN_GCC_ARM/startup_MKL05Z4.o
__divsi3                                          /home/adam/AnalogSensorModule-Firmware/Motate/Tools/linux/gcc-arm-none-eabi-4_9-2015q2/bin/../lib/gcc/arm-none-eabi/4.9.3/armv6-m/libgcc.a(_divsi3.o)
__eqsf2                                           /home/adam/AnalogSensorModule-Firmware/Motate/Tools/linux/gcc-arm-none-eabi-4_9-2015q2/bin/../lib/gcc/arm-none-eabi/4.9.3/armv6-m/libgcc.a(eqsf2.o)
                                                  /home/adam/AnalogSensorModule-Firmware/Motate/Tools/linux/gcc-arm-none-eabi-4_9-2015q2/bin/../lib/gcc/arm-none-eabi/4.9.3/armv6-m/libgcc.a(_arm_cmpsf2.o)
__etext                                           build/FRDM-KL05Z/motate/cmsis/TARGET_Freescale/TARGET_KLXX/TARGET_KL05Z/TOOLCHAIN_GCC_ARM/startup_MKL05Z4.o
__fp_lock_all                                     /home/adam/AnalogSensorModule-Firmware/Motate/Tools/linux/gcc-arm-none-eabi-4_9-2015q2/bin/../lib/gcc/arm-none-eabi/4.9.3/../../../../arm-none-eabi/lib/armv6-m/libc_nano.a(lib_a-findfp.o)
__fp_unlock_all                                   /home/adam/AnalogSensorModule-Firmware/Motate/Tools/linux/gcc-arm-none-eabi-4_9-2015q2/bin/../lib/gcc/arm-none-eabi/4.9.3/../../../../arm-none-eabi/lib/armv6-m/libc_nano.a(lib_a-findfp.o)
__gesf2                                           /home/adam/AnalogSensorModule-Firmware/Motate/Tools/linux/gcc-arm-none-eabi-4_9-2015q2/bin/../lib/gcc/arm-none-eabi/4.9.3/armv6-m/libgcc.a(gesf2.o)
                                                  /home/adam/AnalogSensorModule-Firmware/Motate/Tools/linux/gcc-arm-none-eabi-4_9-2015q2/bin/../lib/gcc/arm-none-eabi/4.9.3/armv6-m/libgcc.a(_arm_cmpsf2.o)
__gtsf2                                           /home/adam/AnalogSensorModule-Firmware/Motate/Tools/linux/gcc-arm-none-eabi-4_9-2015q2/bin/../lib/gcc/arm-none-eabi/4.9.3/armv6-m/libgcc.a(gesf2.o)
__init_array_end                                  /home/adam/AnalogSensorModule-Firmware/Motate/Tools/linux/gcc-arm-none-eabi-4_9-2015q2/bin/../lib/gcc/arm-none-eabi/4.9.3/../../../../arm-none-eabi/lib/armv6-m/libc_nano.a(lib_a-init.o)
__init_array_start                                /home/adam/AnalogSensorModule-Firmware/Motate/Tools/linux/gcc-arm-none-eabi-4_9-2015q2/bin/../lib/gcc/arm-none-eabi/4.9.3/../../../../arm-none-eabi/lib/armv6-m/libc_nano.a(lib_a-init.o)
__isr_vector                                      build/FRDM-KL05Z/motate/cmsis/TARGET_Freescale/TARGET_KLXX/TARGET_KL05Z/TOOLCHAIN_GCC_ARM/startup_MKL05Z4.o
__lesf2                                           /home/adam/AnalogSensorModule-Firmware/Motate/Tools/linux/gcc-arm-none-eabi-4_9-2015q2/bin/../lib/gcc/arm-none-eabi/4.9.3/armv6-m/libgcc.a(lesf2.o)
                                                  /home/adam/AnalogSensorModule-Firmware/Motate/Tools/linux/gcc-arm-none-eabi-4_9-2015q2/bin/../lib/gcc/arm-none-eabi/4.9.3/armv6-m/libgcc.a(_arm_cmpsf2.o)
__libc_init_array                                 /home/adam/AnalogSensorModule-Firmware/Motate/Tools/linux/gcc-arm-none-eabi-4_9-2015q2/bin/../lib/gcc/arm-none-eabi/4.9.3/../../../../arm-none-eabi/lib/armv6-m/libc_nano.a(lib_a-init.o)
                                                  build/FRDM-KL05Z/motate/main.o
__ltsf2                                           /home/adam/AnalogSensorModule-Firmware/Motate/Tools/linux/gcc-arm-none-eabi-4_9-2015q2/bin/../lib/gcc/arm-none-eabi/4.9.3/armv6-m/libgcc.a(lesf2.o)
__malloc_free_list                                /home/adam/AnalogSensorModule-Firmware/Motate/Tools/linux/gcc-arm-none-eabi-4_9-2015q2/bin/../lib/gcc/arm-none-eabi/4.9.3/../../../../arm-none-eabi/lib/armv6-m/libc_nano.a(lib_a-nano-mallocr.o)
                                                  /home/adam/AnalogSensorModule-Firmware/Motate/Tools/linux/gcc-arm-none-eabi-4_9-2015q2/bin/../lib/gcc/arm-none-eabi/4.9.3/../../../../arm-none-eabi/lib/armv6-m/libc_nano.a(lib_a-nano-freer.o)
__malloc_sbrk_start                               /home/adam/AnalogSensorModule-Firmware/Motate/Tools/linux/gcc-arm-none-eabi-4_9-2015q2/bin/../lib/gcc/arm-none-eabi/4.9.3/../../../../arm-none-eabi/lib/armv6-m/libc_nano.a(lib_a-nano-mallocr.o)
__nesf2                                           /home/adam/AnalogSensorModule-Firmware/Motate/Tools/linux/gcc-arm-none-eabi-4_9-2015q2/bin/../lib/gcc/arm-none-eabi/4.9.3/armv6-m/libgcc.a(eqsf2.o)
__preinit_array_end                               /home/adam/AnalogSensorModule-Firmware/Motate/Tools/linux/gcc-arm-none-eabi-4_9-2015q2/bin/../lib/gcc/arm-none-eabi/4.9.3/../../../../arm-none-eabi/lib/armv6-m/libc_nano.a(lib_a-init.o)
__preinit_array_start                             /home/adam/AnalogSensorModule-Firmware/Motate/Tools/linux/gcc-arm-none-eabi-4_9-2015q2/bin/../lib/gcc/arm-none-eabi/4.9.3/../../../../arm-none-eabi/lib/armv6-m/libc_nano.a(lib_a-init.o)
__sclose                                          /home/adam/AnalogSensorModule-Firmware/Motate/Tools/linux/gcc-arm-none-eabi-4_9-2015q2/bin/../lib/gcc/arm-none-eabi/4.9.3/../../../../arm-none-eabi/lib/armv6-m/libc_nano.a(lib_a-stdio.o)
                                                  /home/adam/AnalogSensorModule-Firmware/Motate/Tools/linux/gcc-arm-none-eabi-4_9-2015q2/bin/../lib/gcc/arm-none-eabi/4.9.3/../../../../arm-none-eabi/lib/armv6-m/libc_nano.a(lib_a-findfp.o)
__seofread                                        /home/adam/AnalogSensorModule-Firmware/Motate/Tools/linux/gcc-arm-none-eabi-4_9-2015q2/bin/../lib/gcc/arm-none-eabi/4.9.3/../../../../arm-none-eabi/lib/armv6-m/libc_nano.a(lib_a-stdio.o)
__sf_fake_stderr                                  /home/adam/AnalogSensorModule-Firmware/Motate/Tools/linux/gcc-arm-none-eabi-4_9-2015q2/bin/../lib/gcc/arm-none-eabi/4.9.3/../../../../arm-none-eabi/lib/armv6-m/libc_nano.a(lib_a-findfp.o)
                                                  /home/adam/AnalogSensorModule-Firmware/Motate/Tools/linux/gcc-arm-none-eabi-4_9-2015q2/bin/../lib/gcc/arm-none-eabi/4.9.3/../../../../arm-none-eabi/lib/armv6-m/libc_nano.a(lib_a-fflush.o)
                                                  /home/adam/AnalogSensorModule-Firmware/Motate/Tools/linux/gcc-arm-none-eabi-4_9-2015q2/bin/../lib/gcc/arm-none-eabi/4.9.3/../../../../arm-none-eabi/lib/armv6-m/libc_nano.a(lib_a-wsetup.o)
                                                  /home/adam/AnalogSensorModule-Firmware/Motate/Tools/linux/gcc-arm-none-eabi-4_9-2015q2/bin/../lib/gcc/arm-none-eabi/4.9.3/../../../../arm-none-eabi/lib/armv6-m/libc_nano.a(lib_a-wbuf.o)
                                                  /home/adam/AnalogSensorModule-Firmware/Motate/Tools/linux/gcc-arm-none-eabi-4_9-2015q2/bin/../lib/gcc/arm-none-eabi/4.9.3/../../../../arm-none-eabi/lib/armv6-m/libc_nano.a(lib_a-nano-vfprintf.o)
                                                  /home/adam/AnalogSensorModule-Firmware/Motate/Tools/linux/gcc-arm-none-eabi-4_9-2015q2/bin/../lib/gcc/arm-none-eabi/4.9.3/../../../../arm-none-eabi/lib/armv6-m/libc_nano.a(lib_a-impure.o)
__sf_fake_stdin                                   /home/adam/AnalogSensorModule-Firmware/Motate/Tools/linux/gcc-arm-none-eabi-4_9-2015q2/bin/../lib/gcc/arm-none-eabi/4.9.3/../../../../arm-none-eabi/lib/armv6-m/libc_nano.a(lib_a-findfp.o)
                                                  /home/adam/AnalogSensorModule-Firmware/Motate/Tools/linux/gcc-arm-none-eabi-4_9-2015q2/bin/../lib/gcc/arm-none-eabi/4.9.3/../../../../arm-none-eabi/lib/armv6-m/libc_nano.a(lib_a-fflush.o)
                                                  /home/adam/AnalogSensorModule-Firmware/Motate/Tools/linux/gcc-arm-none-eabi-4_9-2015q2/bin/../lib/gcc/arm-none-eabi/4.9.3/../../../../arm-none-eabi/lib/armv6-m/libc_nano.a(lib_a-wsetup.o)
                                                  /home/adam/AnalogSensorModule-Firmware/Motate/Tools/linux/gcc-arm-none-eabi-4_9-2015q2/bin/../lib/gcc/arm-none-eabi/4.9.3/../../../../arm-none-eabi/lib/armv6-m/libc_nano.a(lib_a-wbuf.o)
                                                  /home/adam/AnalogSensorModule-Firmware/Motate/Tools/linux/gcc-arm-none-eabi-4_9-2015q2/bin/../lib/gcc/arm-none-eabi/4.9.3/../../../../arm-none-eabi/lib/armv6-m/libc_nano.a(lib_a-nano-vfprintf.o)
                                                  /home/adam/AnalogSensorModule-Firmware/Motate/Tools/linux/gcc-arm-none-eabi-4_9-2015q2/bin/../lib/gcc/arm-none-eabi/4.9.3/../../../../arm-none-eabi/lib/armv6-m/libc_nano.a(lib_a-impure.o)
__sf_fake_stdout                                  /home/adam/AnalogSensorModule-Firmware/Motate/Tools/linux/gcc-arm-none-eabi-4_9-2015q2/bin/../lib/gcc/arm-none-eabi/4.9.3/../../../../arm-none-eabi/lib/armv6-m/libc_nano.a(lib_a-findfp.o)
                                                  /home/adam/AnalogSensorModule-Firmware/Motate/Tools/linux/gcc-arm-none-eabi-4_9-2015q2/bin/../lib/gcc/arm-none-eabi/4.9.3/../../../../arm-none-eabi/lib/armv6-m/libc_nano.a(lib_a-fflush.o)
                                                  /home/adam/AnalogSensorModule-Firmware/Motate/Tools/linux/gcc-arm-none-eabi-4_9-2015q2/bin/../lib/gcc/arm-none-eabi/4.9.3/../../../../arm-none-eabi/lib/armv6-m/libc_nano.a(lib_a-wsetup.o)
                                                  /home/adam/AnalogSensorModule-Firmware/Motate/Tools/linux/gcc-arm-none-eabi-4_9-2015q2/bin/../lib/gcc/arm-none-eabi/4.9.3/../../../../arm-none-eabi/lib/armv6-m/libc_nano.a(lib_a-wbuf.o)
                                                  /home/adam/AnalogSensorModule-Firmware/Motate/Tools/linux/gcc-arm-none-eabi-4_9-2015q2/bin/../lib/gcc/arm-none-eabi/4.9.3/../../../../arm-none-eabi/lib/armv6-m/libc_nano.a(lib_a-nano-vfprintf.o)
                                                  /home/adam/AnalogSensorModule-Firmware/Motate/Tools/linux/gcc-arm-none-eabi-4_9-2015q2/bin/../lib/gcc/arm-none-eabi/4.9.3/../../../../arm-none-eabi/lib/armv6-m/libc_nano.a(lib_a-impure.o)
__sflush_r                                        /home/adam/AnalogSensorModule-Firmware/Motate/Tools/linux/gcc-arm-none-eabi-4_9-2015q2/bin/../lib/gcc/arm-none-eabi/4.9.3/../../../../arm-none-eabi/lib/armv6-m/libc_nano.a(lib_a-fflush.o)
__sfmoreglue                                      /home/adam/AnalogSensorModule-Firmware/Motate/Tools/linux/gcc-arm-none-eabi-4_9-2015q2/bin/../lib/gcc/arm-none-eabi/4.9.3/../../../../arm-none-eabi/lib/armv6-m/libc_nano.a(lib_a-findfp.o)
__sfp                                             /home/adam/AnalogSensorModule-Firmware/Motate/Tools/linux/gcc-arm-none-eabi-4_9-2015q2/bin/../lib/gcc/arm-none-eabi/4.9.3/../../../../arm-none-eabi/lib/armv6-m/libc_nano.a(lib_a-findfp.o)
__sfp_lock_acquire                                /home/adam/AnalogSensorModule-Firmware/Motate/Tools/linux/gcc-arm-none-eabi-4_9-2015q2/bin/../lib/gcc/arm-none-eabi/4.9.3/../../../../arm-none-eabi/lib/armv6-m/libc_nano.a(lib_a-findfp.o)
__sfp_lock_release                                /home/adam/AnalogSensorModule-Firmware/Motate/Tools/linux/gcc-arm-none-eabi-4_9-2015q2/bin/../lib/gcc/arm-none-eabi/4.9.3/../../../../arm-none-eabi/lib/armv6-m/libc_nano.a(lib_a-findfp.o)
__sfputs_r                                        /home/adam/AnalogSensorModule-Firmware/Motate/Tools/linux/gcc-arm-none-eabi-4_9-2015q2/bin/../lib/gcc/arm-none-eabi/4.9.3/../../../../arm-none-eabi/lib/armv6-m/libc_nano.a(lib_a-nano-vfprintf.o)
__sfvwrite_r                                      /home/adam/AnalogSensorModule-Firmware/Motate/Tools/linux/gcc-arm-none-eabi-4_9-2015q2/bin/../lib/gcc/arm-none-eabi/4.9.3/../../../../arm-none-eabi/lib/armv6-m/libc_nano.a(lib_a-fvwrite.o)
                                                  /home/adam/AnalogSensorModule-Firmware/Motate/Tools/linux/gcc-arm-none-eabi-4_9-2015q2/bin/../lib/gcc/arm-none-eabi/4.9.3/../../../../arm-none-eabi/lib/armv6-m/libc_nano.a(lib_a-nano-vfprintf.o)
__sinit                                           /home/adam/AnalogSensorModule-Firmware/Motate/Tools/linux/gcc-arm-none-eabi-4_9-2015q2/bin/../lib/gcc/arm-none-eabi/4.9.3/../../../../arm-none-eabi/lib/armv6-m/libc_nano.a(lib_a-findfp.o)
                                                  /home/adam/AnalogSensorModule-Firmware/Motate/Tools/linux/gcc-arm-none-eabi-4_9-2015q2/bin/../lib/gcc/arm-none-eabi/4.9.3/../../../../arm-none-eabi/lib/armv6-m/libc_nano.a(lib_a-fflush.o)
                                                  /home/adam/AnalogSensorModule-Firmware/Motate/Tools/linux/gcc-arm-none-eabi-4_9-2015q2/bin/../lib/gcc/arm-none-eabi/4.9.3/../../../../arm-none-eabi/lib/armv6-m/libc_nano.a(lib_a-wsetup.o)
                                                  /home/adam/AnalogSensorModule-Firmware/Motate/Tools/linux/gcc-arm-none-eabi-4_9-2015q2/bin/../lib/gcc/arm-none-eabi/4.9.3/../../../../arm-none-eabi/lib/armv6-m/libc_nano.a(lib_a-wbuf.o)
                                                  /home/adam/AnalogSensorModule-Firmware/Motate/Tools/linux/gcc-arm-none-eabi-4_9-2015q2/bin/../lib/gcc/arm-none-eabi/4.9.3/../../../../arm-none-eabi/lib/armv6-m/libc_nano.a(lib_a-nano-vfprintf.o)
                                                  /home/adam/AnalogSensorModule-Firmware/Motate/Tools/linux/gcc-arm-none-eabi-4_9-2015q2/bin/../lib/gcc/arm-none-eabi/4.9.3/../../../../arm-none-eabi/lib/armv6-m/libc_nano.a(lib_a-printf.o)
__sinit_lock_acquire                              /home/adam/AnalogSensorModule-Firmware/Motate/Tools/linux/gcc-arm-none-eabi-4_9-2015q2/bin/../lib/gcc/arm-none-eabi/4.9.3/../../../../arm-none-eabi/lib/armv6-m/libc_nano.a(lib_a-findfp.o)
__sinit_lock_release                              /home/adam/AnalogSensorModule-Firmware/Motate/Tools/linux/gcc-arm-none-eabi-4_9-2015q2/bin/../lib/gcc/arm-none-eabi/4.9.3/../../../../arm-none-eabi/lib/armv6-m/libc_nano.a(lib_a-findfp.o)